Sep 14 12:02:47 cu-cs-vm anacron[3909]: Job `cron.daily' terminated
Sep 14 12:02:47 cu-cs-vm anacron[3909]: Normal exit (1 job run)
Sep 14 12:06:46 cu-cs-vm uptimed: moving up to position 5: 0 days, 00:10:24
Sep 14 12:06:47 cu-cs-vm /usr/lib/snapd/snapd[3905]: snapmgr.go:422: No snaps to auto-refresh found
Sep 14 12:06:47 cu-cs-vm snapd[3905]: 2017/09/14 12:06:47.887421 snapmgr.go:422: No snaps to auto-refresh found
Sep 14 12:06:47 cu-cs-vm /usr/lib/snapd/snapd[3905]: snapmgr.go:504: DEBUG: Next refresh scheduled for 2017-09-14 21:56:58.602517521 -0600 MDT.
Sep 14 12:10:51 cu-cs-vm dhclient[4111]: DHCPREQUEST of 192.168.222.128 on ens33 to 192.168.222.254 port 67 (xid=0x12ee055f)
Sep 14 12:10:51 cu-cs-vm dhclient[4111]: DHCPACK of 192.168.222.128 from 192.168.222.254
Sep 14 12:10:51 cu-cs-vm NetworkManager[3882]: <info>  [1505412651.3856]   address 192.168.222.128
Sep 14 12:10:51 cu-cs-vm NetworkManager[3882]: <info>  [1505412651.3865]   plen 24 (255.255.255.0)
Sep 14 12:10:51 cu-cs-vm NetworkManager[3882]: <info>  [1505412651.3866]   gateway 192.168.222.2
Sep 14 12:10:51 cu-cs-vm NetworkManager[3882]: <info>  [1505412651.3867]   server identifier 192.168.222.254
Sep 14 12:10:51 cu-cs-vm NetworkManager[3882]: <info>  [1505412651.3867]   lease time 1800
Sep 14 12:10:51 cu-cs-vm NetworkManager[3882]: <info>  [1505412651.3868]   nameserver '192.168.222.2'
Sep 14 12:10:51 cu-cs-vm NetworkManager[3882]: <info>  [1505412651.3868]   domain name 'localdomain'
Sep 14 12:10:51 cu-cs-vm NetworkManager[3882]: <info>  [1505412651.3868]   wins '192.168.222.2'
Sep 14 12:10:51 cu-cs-vm NetworkManager[3882]: <info>  [1505412651.3869] dhcp4 (ens33): state changed bound -> bound
Sep 14 12:10:51 cu-cs-vm dbus[3796]: [system] Activating via systemd: service name='org.freedesktop.nm_dispatcher' unit='dbus-org.freedesktop.nm-dispatcher.service'
Sep 14 12:10:51 cu-cs-vm dhclient[4111]: bound to 192.168.222.128 -- renewal in 880 seconds.
Sep 14 12:10:51 cu-cs-vm systemd[1]: Starting Network Manager Script Dispatcher Service...
Sep 14 12:10:51 cu-cs-vm dbus[3796]: [system] Successfully activated service 'org.freedesktop.nm_dispatcher'
Sep 14 12:10:51 cu-cs-vm systemd[1]: Started Network Manager Script Dispatcher Service.
Sep 14 12:10:51 cu-cs-vm nm-dispatcher: req:1 'dhcp4-change' [ens33]: new request (1 scripts)
Sep 14 12:10:51 cu-cs-vm nm-dispatcher: req:1 'dhcp4-change' [ens33]: start running ordered scripts...
Sep 14 12:11:42 cu-cs-vm systemd[1]: Starting Cleanup of Temporary Directories...
Sep 14 12:11:42 cu-cs-vm systemd-tmpfiles[5517]: [/usr/lib/tmpfiles.d/var.conf:14] Duplicate line for path "/var/log", ignoring.
Sep 14 12:11:42 cu-cs-vm systemd[1]: Started Cleanup of Temporary Directories.
Sep 14 12:16:46 cu-cs-vm uptimed: moving up to position 4: 0 days, 00:20:24
Sep 14 12:17:01 cu-cs-vm CRON[5532]: (root) CMD (   cd / && run-parts --report /etc/cron.hourly)
Sep 14 12:25:31 cu-cs-vm dhclient[4111]: DHCPREQUEST of 192.168.222.128 on ens33 to 192.168.222.254 port 67 (xid=0x12ee055f)
Sep 14 12:25:31 cu-cs-vm dhclient[4111]: DHCPACK of 192.168.222.128 from 192.168.222.254
Sep 14 12:25:31 cu-cs-vm NetworkManager[3882]: <info>  [1505413531.9713]   address 192.168.222.128
Sep 14 12:25:31 cu-cs-vm NetworkManager[3882]: <info>  [1505413531.9714]   plen 24 (255.255.255.0)
Sep 14 12:25:31 cu-cs-vm NetworkManager[3882]: <info>  [1505413531.9714]   gateway 192.168.222.2
Sep 14 12:25:31 cu-cs-vm NetworkManager[3882]: <info>  [1505413531.9715]   server identifier 192.168.222.254
Sep 14 12:25:31 cu-cs-vm NetworkManager[3882]: <info>  [1505413531.9715]   lease time 1800
Sep 14 12:25:31 cu-cs-vm NetworkManager[3882]: <info>  [1505413531.9715]   nameserver '192.168.222.2'
Sep 14 12:25:31 cu-cs-vm NetworkManager[3882]: <info>  [1505413531.9715]   domain name 'localdomain'
Sep 14 12:25:31 cu-cs-vm NetworkManager[3882]: <info>  [1505413531.9716]   wins '192.168.222.2'
Sep 14 12:25:31 cu-cs-vm NetworkManager[3882]: <info>  [1505413531.9716] dhcp4 (ens33): state changed bound -> bound
Sep 14 12:25:31 cu-cs-vm dbus[3796]: [system] Activating via systemd: service name='org.freedesktop.nm_dispatcher' unit='dbus-org.freedesktop.nm-dispatcher.service'
Sep 14 12:25:31 cu-cs-vm systemd[1]: Starting Network Manager Script Dispatcher Service...
Sep 14 12:25:32 cu-cs-vm dbus[3796]: [system] Successfully activated service 'org.freedesktop.nm_dispatcher'
Sep 14 12:25:32 cu-cs-vm systemd[1]: Started Network Manager Script Dispatcher Service.
Sep 14 12:25:32 cu-cs-vm dhclient[4111]: bound to 192.168.222.128 -- renewal in 738 seconds.
Sep 14 12:25:32 cu-cs-vm nm-dispatcher: req:1 'dhcp4-change' [ens33]: new request (1 scripts)
Sep 14 12:25:32 cu-cs-vm nm-dispatcher: req:1 'dhcp4-change' [ens33]: start running ordered scripts...
Sep 14 12:26:46 cu-cs-vm uptimed: moving up to position 3: 0 days, 00:30:24
Sep 14 14:56:34 cu-cs-vm rsyslogd: [origin software="rsyslogd" swVersion="8.16.0" x-pid="3827" x-info="http://www.rsyslog.com"] start
Sep 14 14:56:34 cu-cs-vm rsyslogd-2222: command 'KLogPermitNonKernelFacility' is currently not permitted - did you already set it via a RainerScript command (v6+ config)? [v8.16.0 try http://www.rsyslog.com/e/2222 ]
Sep 14 14:56:34 cu-cs-vm rsyslogd: rsyslogd's groupid changed to 108
Sep 14 14:56:34 cu-cs-vm rsyslogd: rsyslogd's userid changed to 104
Sep 14 14:56:34 cu-cs-vm kernel: [    0.000000] Linux version 4.10.17george (root@cu-cs-vm) (gcc version 5.4.0 20160609 (Ubuntu 5.4.0-6ubuntu1~16.04.4) ) #2 SMP Tue Sep 12 17:45:56 MDT 2017 (Ubuntu 4.10.0-33.37~16.04.1-generic 4.10.17)
Sep 14 14:56:34 cu-cs-vm kernel: [    0.000000] Command line: BOOT_IMAGE=/@/boot/vmlinuz-4.10.17george root=UUID=403636af-0778-4937-b47b-ddd3b47d58cc ro rootflags=subvol=@ crashkernel=384M-:128M
Sep 14 14:56:34 cu-cs-vm kernel: [    0.000000] KERNEL supported cpus:
Sep 14 14:56:34 cu-cs-vm kernel: [    0.000000]   Intel GenuineIntel
Sep 14 14:56:34 cu-cs-vm kernel: [    0.000000]   AMD AuthenticAMD
Sep 14 14:56:34 cu-cs-vm kernel: [    0.000000]   Centaur CentaurHauls
Sep 14 14:56:34 cu-cs-vm kernel: [    0.000000] Disabled fast string operations
Sep 14 14:56:34 cu-cs-vm kernel: [    0.000000] x86/fpu: Supporting XSAVE feature 0x001: 'x87 floating point registers'
Sep 14 14:56:34 cu-cs-vm kernel: [    0.000000] x86/fpu: Supporting XSAVE feature 0x002: 'SSE registers'
Sep 14 14:56:34 cu-cs-vm kernel: [    0.000000] x86/fpu: Supporting XSAVE feature 0x004: 'AVX registers'
Sep 14 14:56:34 cu-cs-vm kernel: [    0.000000] x86/fpu: xstate_offset[2]:  576, xstate_sizes[2]:  256
Sep 14 14:56:34 cu-cs-vm kernel: [    0.000000] x86/fpu: Enabled xstate features 0x7, context size is 832 bytes, using 'standard' format.
Sep 14 14:56:34 cu-cs-vm kernel: [    0.000000] e820: BIOS-provided physical RAM map:
Sep 14 14:56:34 cu-cs-vm kernel: [    0.000000] BIOS-e820: [mem 0x0000000000000000-0x000000000009e7ff] usable
Sep 14 14:56:34 cu-cs-vm kernel: [    0.000000] BIOS-e820: [mem 0x000000000009e800-0x000000000009ffff] reserved
Sep 14 14:56:34 cu-cs-vm kernel: [    0.000000] BIOS-e820: [mem 0x00000000000dc000-0x00000000000fffff] reserved
Sep 14 14:56:34 cu-cs-vm kernel: [    0.000000] BIOS-e820: [mem 0x0000000000100000-0x000000007fedffff] usable
Sep 14 14:56:34 cu-cs-vm kernel: [    0.000000] BIOS-e820: [mem 0x000000007fee0000-0x000000007fefefff] ACPI data
Sep 14 14:56:34 cu-cs-vm kernel: [    0.000000] BIOS-e820: [mem 0x000000007feff000-0x000000007fefffff] ACPI NVS
Sep 14 14:56:34 cu-cs-vm kernel: [    0.000000] BIOS-e820: [mem 0x000000007ff00000-0x000000007fffffff] usable
Sep 14 14:56:34 cu-cs-vm kernel: [    0.000000] BIOS-e820: [mem 0x00000000f0000000-0x00000000f7ffffff] reserved
Sep 14 14:56:34 cu-cs-vm kernel: [    0.000000] BIOS-e820: [mem 0x00000000fec00000-0x00000000fec0ffff] reserved
Sep 14 14:56:34 cu-cs-vm kernel: [    0.000000] BIOS-e820: [mem 0x00000000fee00000-0x00000000fee00fff] reserved
Sep 14 14:56:34 cu-cs-vm kernel: [    0.000000] BIOS-e820: [mem 0x00000000fffe0000-0x00000000ffffffff] reserved
Sep 14 14:56:34 cu-cs-vm kernel: [    0.000000] NX (Execute Disable) protection: active
Sep 14 14:56:34 cu-cs-vm kernel: [    0.000000] SMBIOS 2.4 present.
Sep 14 14:56:34 cu-cs-vm kernel: [    0.000000] DMI: VMware, Inc. VMware Virtual Platform/440BX Desktop Reference Platform, BIOS 6.00 07/02/2015
Sep 14 14:56:34 cu-cs-vm kernel: [    0.000000] Hypervisor detected: VMware
Sep 14 14:56:34 cu-cs-vm kernel: [    0.000000] vmware: TSC freq read from hypervisor : 2194.919 MHz
Sep 14 14:56:34 cu-cs-vm kernel: [    0.000000] vmware: Host bus clock speed read from hypervisor : 66000000 Hz
Sep 14 14:56:34 cu-cs-vm kernel: [    0.000000] vmware: using sched offset of 13292113614 ns
Sep 14 14:56:34 cu-cs-vm kernel: [    0.000000] e820: update [mem 0x00000000-0x00000fff] usable ==> reserved
Sep 14 14:56:34 cu-cs-vm kernel: [    0.000000] e820: remove [mem 0x000a0000-0x000fffff] usable
Sep 14 14:56:34 cu-cs-vm kernel: [    0.000000] e820: last_pfn = 0x80000 max_arch_pfn = 0x400000000
Sep 14 14:56:34 cu-cs-vm kernel: [    0.000000] MTRR default type: uncachable
Sep 14 14:56:34 cu-cs-vm kernel: [    0.000000] MTRR fixed ranges enabled:
Sep 14 14:56:34 cu-cs-vm kernel: [    0.000000]   00000-9FFFF write-back
Sep 14 14:56:34 cu-cs-vm kernel: [    0.000000]   A0000-BFFFF uncachable
Sep 14 14:56:34 cu-cs-vm kernel: [    0.000000]   C0000-CBFFF write-protect
Sep 14 14:56:34 cu-cs-vm kernel: [    0.000000]   CC000-EFFFF uncachable
Sep 14 14:56:34 cu-cs-vm kernel: [    0.000000]   F0000-FFFFF write-protect
Sep 14 14:56:34 cu-cs-vm kernel: [    0.000000] MTRR variable ranges enabled:
Sep 14 14:56:34 cu-cs-vm kernel: [    0.000000]   0 base 000C0000000 mask 3FFC0000000 uncachable
Sep 14 14:56:34 cu-cs-vm kernel: [    0.000000]   1 base 00000000000 mask 3F000000000 write-back
Sep 14 14:56:34 cu-cs-vm kernel: [    0.000000]   2 disabled
Sep 14 14:56:34 cu-cs-vm kernel: [    0.000000]   3 disabled
Sep 14 14:56:34 cu-cs-vm kernel: [    0.000000]   4 disabled
Sep 14 14:56:34 cu-cs-vm kernel: [    0.000000]   5 disabled
Sep 14 14:56:34 cu-cs-vm kernel: [    0.000000]   6 disabled
Sep 14 14:56:34 cu-cs-vm kernel: [    0.000000]   7 disabled
Sep 14 14:56:34 cu-cs-vm kernel: [    0.000000] x86/PAT: Configuration [0-7]: WB  WC  UC- UC  WB  WC  UC- WT  
Sep 14 14:56:34 cu-cs-vm kernel: [    0.000000] total RAM covered: 64512M
Sep 14 14:56:34 cu-cs-vm kernel: [    0.000000] Found optimal setting for mtrr clean up
Sep 14 14:56:34 cu-cs-vm kernel: [    0.000000]  gran_size: 64K 	chunk_size: 64K 	num_reg: 6  	lose cover RAM: 0G
Sep 14 14:56:34 cu-cs-vm kernel: [    0.000000] e820: update [mem 0xc0000000-0xffffffff] usable ==> reserved
Sep 14 14:56:34 cu-cs-vm kernel: [    0.000000] found SMP MP-table at [mem 0x000f6a80-0x000f6a8f] mapped at [ffff8ee4000f6a80]
Sep 14 14:56:34 cu-cs-vm kernel: [    0.000000] Scanning 1 areas for low memory corruption
Sep 14 14:56:34 cu-cs-vm kernel: [    0.000000] Base memory trampoline at [ffff8ee400098000] 98000 size 24576
Sep 14 14:56:34 cu-cs-vm kernel: [    0.000000] Using GB pages for direct mapping
Sep 14 14:56:34 cu-cs-vm kernel: [    0.000000] BRK [0x4f822000, 0x4f822fff] PGTABLE
Sep 14 14:56:34 cu-cs-vm kernel: [    0.000000] BRK [0x4f823000, 0x4f823fff] PGTABLE
Sep 14 14:56:34 cu-cs-vm kernel: [    0.000000] BRK [0x4f824000, 0x4f824fff] PGTABLE
Sep 14 14:56:34 cu-cs-vm kernel: [    0.000000] BRK [0x4f825000, 0x4f825fff] PGTABLE
Sep 14 14:56:34 cu-cs-vm kernel: [    0.000000] BRK [0x4f826000, 0x4f826fff] PGTABLE
Sep 14 14:56:34 cu-cs-vm kernel: [    0.000000] BRK [0x4f827000, 0x4f827fff] PGTABLE
Sep 14 14:56:34 cu-cs-vm kernel: [    0.000000] RAMDISK: [mem 0x3439a000-0x361c4fff]
Sep 14 14:56:34 cu-cs-vm kernel: [    0.000000] ACPI: Early table checksum verification disabled
Sep 14 14:56:34 cu-cs-vm kernel: [    0.000000] ACPI: RSDP 0x00000000000F6A10 000024 (v02 PTLTD )
Sep 14 14:56:34 cu-cs-vm kernel: [    0.000000] ACPI: XSDT 0x000000007FEEA677 000054 (v01 INTEL  440BX    06040000 VMW  01324272)
Sep 14 14:56:34 cu-cs-vm kernel: [    0.000000] ACPI: FACP 0x000000007FEFEE73 0000F4 (v04 INTEL  440BX    06040000 PTL  000F4240)
Sep 14 14:56:34 cu-cs-vm kernel: [    0.000000] ACPI: DSDT 0x000000007FEEBD62 013111 (v01 PTLTD  Custom   06040000 MSFT 03000001)
Sep 14 14:56:34 cu-cs-vm kernel: [    0.000000] ACPI: FACS 0x000000007FEFFFC0 000040
Sep 14 14:56:34 cu-cs-vm kernel: [    0.000000] ACPI: FACS 0x000000007FEFFFC0 000040
Sep 14 14:56:34 cu-cs-vm kernel: [    0.000000] ACPI: BOOT 0x000000007FEEBD3A 000028 (v01 PTLTD  $SBFTBL$ 06040000  LTP 00000001)
Sep 14 14:56:34 cu-cs-vm kernel: [    0.000000] ACPI: APIC 0x000000007FEEB5F8 000742 (v01 PTLTD  ? APIC   06040000  LTP 00000000)
Sep 14 14:56:34 cu-cs-vm kernel: [    0.000000] ACPI: MCFG 0x000000007FEEB5BC 00003C (v01 PTLTD  $PCITBL$ 06040000  LTP 00000001)
Sep 14 14:56:34 cu-cs-vm kernel: [    0.000000] ACPI: SRAT 0x000000007FEEA72F 0008D0 (v02 VMWARE MEMPLUG  06040000 VMW  00000001)
Sep 14 14:56:34 cu-cs-vm kernel: [    0.000000] ACPI: WAET 0x000000007FEEA707 000028 (v01 VMWARE VMW WAET 06040000 VMW  00000001)
Sep 14 14:56:34 cu-cs-vm kernel: [    0.000000] ACPI: Local APIC address 0xfee00000
Sep 14 14:56:34 cu-cs-vm kernel: [    0.000000] system APIC only can use physical flat
Sep 14 14:56:34 cu-cs-vm kernel: [    0.000000] Setting APIC routing to physical flat.
Sep 14 14:56:34 cu-cs-vm kernel: [    0.000000] SRAT: PXM 0 -> APIC 0x00 -> Node 0
Sep 14 14:56:34 cu-cs-vm kernel: [    0.000000] SRAT: PXM 0 -> APIC 0x02 -> Node 0
Sep 14 14:56:34 cu-cs-vm kernel: [    0.000000] SRAT: PXM 0 -> APIC 0x04 -> Node 0
Sep 14 14:56:34 cu-cs-vm kernel: [    0.000000] SRAT: PXM 0 -> APIC 0x06 -> Node 0
Sep 14 14:56:34 cu-cs-vm kernel: [    0.000000] SRAT: PXM 0 -> APIC 0x08 -> Node 0
Sep 14 14:56:34 cu-cs-vm kernel: [    0.000000] SRAT: PXM 0 -> APIC 0x0a -> Node 0
Sep 14 14:56:34 cu-cs-vm kernel: [    0.000000] SRAT: PXM 0 -> APIC 0x0c -> Node 0
Sep 14 14:56:34 cu-cs-vm kernel: [    0.000000] SRAT: PXM 0 -> APIC 0x0e -> Node 0
Sep 14 14:56:34 cu-cs-vm kernel: [    0.000000] SRAT: PXM 0 -> APIC 0x10 -> Node 0
Sep 14 14:56:34 cu-cs-vm kernel: [    0.000000] SRAT: PXM 0 -> APIC 0x12 -> Node 0
Sep 14 14:56:34 cu-cs-vm kernel: [    0.000000] SRAT: PXM 0 -> APIC 0x14 -> Node 0
Sep 14 14:56:34 cu-cs-vm kernel: [    0.000000] SRAT: PXM 0 -> APIC 0x16 -> Node 0
Sep 14 14:56:34 cu-cs-vm kernel: [    0.000000] SRAT: PXM 0 -> APIC 0x18 -> Node 0
Sep 14 14:56:34 cu-cs-vm kernel: [    0.000000] SRAT: PXM 0 -> APIC 0x1a -> Node 0
Sep 14 14:56:34 cu-cs-vm kernel: [    0.000000] SRAT: PXM 0 -> APIC 0x1c -> Node 0
Sep 14 14:56:34 cu-cs-vm kernel: [    0.000000] SRAT: PXM 0 -> APIC 0x1e -> Node 0
Sep 14 14:56:34 cu-cs-vm kernel: [    0.000000] SRAT: PXM 0 -> APIC 0x20 -> Node 0
Sep 14 14:56:34 cu-cs-vm kernel: [    0.000000] SRAT: PXM 0 -> APIC 0x22 -> Node 0
Sep 14 14:56:34 cu-cs-vm kernel: [    0.000000] SRAT: PXM 0 -> APIC 0x24 -> Node 0
Sep 14 14:56:34 cu-cs-vm kernel: [    0.000000] SRAT: PXM 0 -> APIC 0x26 -> Node 0
Sep 14 14:56:34 cu-cs-vm kernel: [    0.000000] SRAT: PXM 0 -> APIC 0x28 -> Node 0
Sep 14 14:56:34 cu-cs-vm kernel: [    0.000000] SRAT: PXM 0 -> APIC 0x2a -> Node 0
Sep 14 14:56:34 cu-cs-vm kernel: [    0.000000] SRAT: PXM 0 -> APIC 0x2c -> Node 0
Sep 14 14:56:34 cu-cs-vm kernel: [    0.000000] SRAT: PXM 0 -> APIC 0x2e -> Node 0
Sep 14 14:56:34 cu-cs-vm kernel: [    0.000000] SRAT: PXM 0 -> APIC 0x30 -> Node 0
Sep 14 14:56:34 cu-cs-vm kernel: [    0.000000] SRAT: PXM 0 -> APIC 0x32 -> Node 0
Sep 14 14:56:34 cu-cs-vm kernel: [    0.000000] SRAT: PXM 0 -> APIC 0x34 -> Node 0
Sep 14 14:56:34 cu-cs-vm kernel: [    0.000000] SRAT: PXM 0 -> APIC 0x36 -> Node 0
Sep 14 14:56:34 cu-cs-vm kernel: [    0.000000] SRAT: PXM 0 -> APIC 0x38 -> Node 0
Sep 14 14:56:34 cu-cs-vm kernel: [    0.000000] SRAT: PXM 0 -> APIC 0x3a -> Node 0
Sep 14 14:56:34 cu-cs-vm kernel: [    0.000000] SRAT: PXM 0 -> APIC 0x3c -> Node 0
Sep 14 14:56:34 cu-cs-vm kernel: [    0.000000] SRAT: PXM 0 -> APIC 0x3e -> Node 0
Sep 14 14:56:34 cu-cs-vm kernel: [    0.000000] SRAT: PXM 0 -> APIC 0x40 -> Node 0
Sep 14 14:56:34 cu-cs-vm kernel: [    0.000000] SRAT: PXM 0 -> APIC 0x42 -> Node 0
Sep 14 14:56:34 cu-cs-vm kernel: [    0.000000] SRAT: PXM 0 -> APIC 0x44 -> Node 0
Sep 14 14:56:34 cu-cs-vm kernel: [    0.000000] SRAT: PXM 0 -> APIC 0x46 -> Node 0
Sep 14 14:56:34 cu-cs-vm kernel: [    0.000000] SRAT: PXM 0 -> APIC 0x48 -> Node 0
Sep 14 14:56:34 cu-cs-vm kernel: [    0.000000] SRAT: PXM 0 -> APIC 0x4a -> Node 0
Sep 14 14:56:34 cu-cs-vm kernel: [    0.000000] SRAT: PXM 0 -> APIC 0x4c -> Node 0
Sep 14 14:56:34 cu-cs-vm kernel: [    0.000000] SRAT: PXM 0 -> APIC 0x4e -> Node 0
Sep 14 14:56:34 cu-cs-vm kernel: [    0.000000] SRAT: PXM 0 -> APIC 0x50 -> Node 0
Sep 14 14:56:34 cu-cs-vm kernel: [    0.000000] SRAT: PXM 0 -> APIC 0x52 -> Node 0
Sep 14 14:56:34 cu-cs-vm kernel: [    0.000000] SRAT: PXM 0 -> APIC 0x54 -> Node 0
Sep 14 14:56:34 cu-cs-vm kernel: [    0.000000] SRAT: PXM 0 -> APIC 0x56 -> Node 0
Sep 14 14:56:34 cu-cs-vm kernel: [    0.000000] SRAT: PXM 0 -> APIC 0x58 -> Node 0
Sep 14 14:56:34 cu-cs-vm kernel: [    0.000000] SRAT: PXM 0 -> APIC 0x5a -> Node 0
Sep 14 14:56:34 cu-cs-vm kernel: [    0.000000] SRAT: PXM 0 -> APIC 0x5c -> Node 0
Sep 14 14:56:34 cu-cs-vm kernel: [    0.000000] SRAT: PXM 0 -> APIC 0x5e -> Node 0
Sep 14 14:56:34 cu-cs-vm kernel: [    0.000000] SRAT: PXM 0 -> APIC 0x60 -> Node 0
Sep 14 14:56:34 cu-cs-vm kernel: [    0.000000] SRAT: PXM 0 -> APIC 0x62 -> Node 0
Sep 14 14:56:34 cu-cs-vm kernel: [    0.000000] SRAT: PXM 0 -> APIC 0x64 -> Node 0
Sep 14 14:56:34 cu-cs-vm kernel: [    0.000000] SRAT: PXM 0 -> APIC 0x66 -> Node 0
Sep 14 14:56:34 cu-cs-vm kernel: [    0.000000] SRAT: PXM 0 -> APIC 0x68 -> Node 0
Sep 14 14:56:34 cu-cs-vm kernel: [    0.000000] SRAT: PXM 0 -> APIC 0x6a -> Node 0
Sep 14 14:56:34 cu-cs-vm kernel: [    0.000000] SRAT: PXM 0 -> APIC 0x6c -> Node 0
Sep 14 14:56:34 cu-cs-vm kernel: [    0.000000] SRAT: PXM 0 -> APIC 0x6e -> Node 0
Sep 14 14:56:34 cu-cs-vm kernel: [    0.000000] SRAT: PXM 0 -> APIC 0x70 -> Node 0
Sep 14 14:56:34 cu-cs-vm kernel: [    0.000000] SRAT: PXM 0 -> APIC 0x72 -> Node 0
Sep 14 14:56:34 cu-cs-vm kernel: [    0.000000] SRAT: PXM 0 -> APIC 0x74 -> Node 0
Sep 14 14:56:34 cu-cs-vm kernel: [    0.000000] SRAT: PXM 0 -> APIC 0x76 -> Node 0
Sep 14 14:56:34 cu-cs-vm kernel: [    0.000000] SRAT: PXM 0 -> APIC 0x78 -> Node 0
Sep 14 14:56:34 cu-cs-vm kernel: [    0.000000] SRAT: PXM 0 -> APIC 0x7a -> Node 0
Sep 14 14:56:34 cu-cs-vm kernel: [    0.000000] SRAT: PXM 0 -> APIC 0x7c -> Node 0
Sep 14 14:56:34 cu-cs-vm kernel: [    0.000000] SRAT: PXM 0 -> APIC 0x7e -> Node 0
Sep 14 14:56:34 cu-cs-vm kernel: [    0.000000] SRAT: PXM 0 -> APIC 0x80 -> Node 0
Sep 14 14:56:34 cu-cs-vm kernel: [    0.000000] SRAT: PXM 0 -> APIC 0x82 -> Node 0
Sep 14 14:56:34 cu-cs-vm kernel: [    0.000000] SRAT: PXM 0 -> APIC 0x84 -> Node 0
Sep 14 14:56:34 cu-cs-vm kernel: [    0.000000] SRAT: PXM 0 -> APIC 0x86 -> Node 0
Sep 14 14:56:34 cu-cs-vm kernel: [    0.000000] SRAT: PXM 0 -> APIC 0x88 -> Node 0
Sep 14 14:56:34 cu-cs-vm kernel: [    0.000000] SRAT: PXM 0 -> APIC 0x8a -> Node 0
Sep 14 14:56:34 cu-cs-vm kernel: [    0.000000] SRAT: PXM 0 -> APIC 0x8c -> Node 0
Sep 14 14:56:34 cu-cs-vm kernel: [    0.000000] SRAT: PXM 0 -> APIC 0x8e -> Node 0
Sep 14 14:56:34 cu-cs-vm kernel: [    0.000000] SRAT: PXM 0 -> APIC 0x90 -> Node 0
Sep 14 14:56:34 cu-cs-vm kernel: [    0.000000] SRAT: PXM 0 -> APIC 0x92 -> Node 0
Sep 14 14:56:34 cu-cs-vm kernel: [    0.000000] SRAT: PXM 0 -> APIC 0x94 -> Node 0
Sep 14 14:56:34 cu-cs-vm kernel: [    0.000000] SRAT: PXM 0 -> APIC 0x96 -> Node 0
Sep 14 14:56:34 cu-cs-vm kernel: [    0.000000] SRAT: PXM 0 -> APIC 0x98 -> Node 0
Sep 14 14:56:34 cu-cs-vm kernel: [    0.000000] SRAT: PXM 0 -> APIC 0x9a -> Node 0
Sep 14 14:56:34 cu-cs-vm kernel: [    0.000000] SRAT: PXM 0 -> APIC 0x9c -> Node 0
Sep 14 14:56:34 cu-cs-vm kernel: [    0.000000] SRAT: PXM 0 -> APIC 0x9e -> Node 0
Sep 14 14:56:34 cu-cs-vm kernel: [    0.000000] SRAT: PXM 0 -> APIC 0xa0 -> Node 0
Sep 14 14:56:34 cu-cs-vm kernel: [    0.000000] SRAT: PXM 0 -> APIC 0xa2 -> Node 0
Sep 14 14:56:34 cu-cs-vm kernel: [    0.000000] SRAT: PXM 0 -> APIC 0xa4 -> Node 0
Sep 14 14:56:34 cu-cs-vm kernel: [    0.000000] SRAT: PXM 0 -> APIC 0xa6 -> Node 0
Sep 14 14:56:34 cu-cs-vm kernel: [    0.000000] SRAT: PXM 0 -> APIC 0xa8 -> Node 0
Sep 14 14:56:34 cu-cs-vm kernel: [    0.000000] SRAT: PXM 0 -> APIC 0xaa -> Node 0
Sep 14 14:56:34 cu-cs-vm kernel: [    0.000000] SRAT: PXM 0 -> APIC 0xac -> Node 0
Sep 14 14:56:34 cu-cs-vm kernel: [    0.000000] SRAT: PXM 0 -> APIC 0xae -> Node 0
Sep 14 14:56:34 cu-cs-vm kernel: [    0.000000] SRAT: PXM 0 -> APIC 0xb0 -> Node 0
Sep 14 14:56:34 cu-cs-vm kernel: [    0.000000] SRAT: PXM 0 -> APIC 0xb2 -> Node 0
Sep 14 14:56:34 cu-cs-vm kernel: [    0.000000] SRAT: PXM 0 -> APIC 0xb4 -> Node 0
Sep 14 14:56:34 cu-cs-vm kernel: [    0.000000] SRAT: PXM 0 -> APIC 0xb6 -> Node 0
Sep 14 14:56:34 cu-cs-vm kernel: [    0.000000] SRAT: PXM 0 -> APIC 0xb8 -> Node 0
Sep 14 14:56:34 cu-cs-vm kernel: [    0.000000] SRAT: PXM 0 -> APIC 0xba -> Node 0
Sep 14 14:56:34 cu-cs-vm kernel: [    0.000000] SRAT: PXM 0 -> APIC 0xbc -> Node 0
Sep 14 14:56:34 cu-cs-vm kernel: [    0.000000] SRAT: PXM 0 -> APIC 0xbe -> Node 0
Sep 14 14:56:34 cu-cs-vm kernel: [    0.000000] SRAT: PXM 0 -> APIC 0xc0 -> Node 0
Sep 14 14:56:34 cu-cs-vm kernel: [    0.000000] SRAT: PXM 0 -> APIC 0xc2 -> Node 0
Sep 14 14:56:34 cu-cs-vm kernel: [    0.000000] SRAT: PXM 0 -> APIC 0xc4 -> Node 0
Sep 14 14:56:34 cu-cs-vm kernel: [    0.000000] SRAT: PXM 0 -> APIC 0xc6 -> Node 0
Sep 14 14:56:34 cu-cs-vm kernel: [    0.000000] SRAT: PXM 0 -> APIC 0xc8 -> Node 0
Sep 14 14:56:34 cu-cs-vm kernel: [    0.000000] SRAT: PXM 0 -> APIC 0xca -> Node 0
Sep 14 14:56:34 cu-cs-vm kernel: [    0.000000] SRAT: PXM 0 -> APIC 0xcc -> Node 0
Sep 14 14:56:34 cu-cs-vm kernel: [    0.000000] SRAT: PXM 0 -> APIC 0xce -> Node 0
Sep 14 14:56:34 cu-cs-vm kernel: [    0.000000] SRAT: PXM 0 -> APIC 0xd0 -> Node 0
Sep 14 14:56:34 cu-cs-vm kernel: [    0.000000] SRAT: PXM 0 -> APIC 0xd2 -> Node 0
Sep 14 14:56:34 cu-cs-vm kernel: [    0.000000] SRAT: PXM 0 -> APIC 0xd4 -> Node 0
Sep 14 14:56:34 cu-cs-vm kernel: [    0.000000] SRAT: PXM 0 -> APIC 0xd6 -> Node 0
Sep 14 14:56:34 cu-cs-vm kernel: [    0.000000] SRAT: PXM 0 -> APIC 0xd8 -> Node 0
Sep 14 14:56:34 cu-cs-vm kernel: [    0.000000] SRAT: PXM 0 -> APIC 0xda -> Node 0
Sep 14 14:56:34 cu-cs-vm kernel: [    0.000000] SRAT: PXM 0 -> APIC 0xdc -> Node 0
Sep 14 14:56:34 cu-cs-vm kernel: [    0.000000] SRAT: PXM 0 -> APIC 0xde -> Node 0
Sep 14 14:56:34 cu-cs-vm kernel: [    0.000000] SRAT: PXM 0 -> APIC 0xe0 -> Node 0
Sep 14 14:56:34 cu-cs-vm kernel: [    0.000000] SRAT: PXM 0 -> APIC 0xe2 -> Node 0
Sep 14 14:56:34 cu-cs-vm kernel: [    0.000000] SRAT: PXM 0 -> APIC 0xe4 -> Node 0
Sep 14 14:56:34 cu-cs-vm systemd[1]: Mounted Debug File System.
Sep 14 14:56:34 cu-cs-vm systemd[1]: Mounted POSIX Message Queue File System.
Sep 14 14:56:34 cu-cs-vm systemd[1]: Mounted Huge Pages File System.
Sep 14 14:56:34 cu-cs-vm systemd[1]: Started Create list of required static device nodes for the current kernel.
Sep 14 14:56:34 cu-cs-vm systemd[1]: Starting Create Static Device Nodes in /dev...
Sep 14 14:56:34 cu-cs-vm kernel: [    0.000000] SRAT: PXM 0 -> APIC 0xe6 -> Node 0
Sep 14 14:56:34 cu-cs-vm kernel: [    0.000000] SRAT: PXM 0 -> APIC 0xe8 -> Node 0
Sep 14 14:56:34 cu-cs-vm kernel: [    0.000000] SRAT: PXM 0 -> APIC 0xea -> Node 0
Sep 14 14:56:34 cu-cs-vm kernel: [    0.000000] SRAT: PXM 0 -> APIC 0xec -> Node 0
Sep 14 14:56:34 cu-cs-vm kernel: [    0.000000] SRAT: PXM 0 -> APIC 0xee -> Node 0
Sep 14 14:56:34 cu-cs-vm kernel: [    0.000000] SRAT: PXM 0 -> APIC 0xf0 -> Node 0
Sep 14 14:56:34 cu-cs-vm systemd[1]: Started Uncomplicated firewall.
Sep 14 14:56:34 cu-cs-vm systemd-modules-load[1717]: Inserted module 'lp'
Sep 14 14:56:34 cu-cs-vm systemd[1]: Started Nameserver information manager.
Sep 14 14:56:34 cu-cs-vm systemd[1]: Reached target Network (Pre).
Sep 14 14:56:34 cu-cs-vm systemd[1]: Started Create Static Device Nodes in /dev.
Sep 14 14:56:34 cu-cs-vm systemd[1]: Starting udev Kernel Device Manager...
Sep 14 14:56:34 cu-cs-vm kernel: [    0.000000] SRAT: PXM 0 -> APIC 0xf2 -> Node 0
Sep 14 14:56:34 cu-cs-vm kernel: [    0.000000] SRAT: PXM 0 -> APIC 0xf4 -> Node 0
Sep 14 14:56:34 cu-cs-vm kernel: [    0.000000] SRAT: PXM 0 -> APIC 0xf6 -> Node 0
Sep 14 14:56:34 cu-cs-vm kernel: [    0.000000] SRAT: PXM 0 -> APIC 0xf8 -> Node 0
Sep 14 14:56:34 cu-cs-vm kernel: [    0.000000] SRAT: PXM 0 -> APIC 0xfa -> Node 0
Sep 14 14:56:34 cu-cs-vm kernel: [    0.000000] SRAT: PXM 0 -> APIC 0xfc -> Node 0
Sep 14 14:56:34 cu-cs-vm systemd-modules-load[1717]: Inserted module 'ppdev'
Sep 14 14:56:34 cu-cs-vm systemd-modules-load[1717]: Inserted module 'parport_pc'
Sep 14 14:56:34 cu-cs-vm systemd[1]: Started Load Kernel Modules.
Sep 14 14:56:34 cu-cs-vm systemd[1]: Starting Apply Kernel Variables...
Sep 14 14:56:34 cu-cs-vm systemd[1]: Mounting FUSE Control File System...
Sep 14 14:56:34 cu-cs-vm systemd[1]: Mounted FUSE Control File System.
Sep 14 14:56:34 cu-cs-vm kernel: [    0.000000] SRAT: PXM 0 -> APIC 0xfe -> Node 0
Sep 14 14:56:34 cu-cs-vm kernel: [    0.000000] ACPI: SRAT: Node 0 PXM 0 [mem 0x00000000-0x0009ffff]
Sep 14 14:56:34 cu-cs-vm kernel: [    0.000000] ACPI: SRAT: Node 0 PXM 0 [mem 0x00100000-0x7fffffff]
Sep 14 14:56:34 cu-cs-vm kernel: [    0.000000] ACPI: SRAT: Node 0 PXM 0 [mem 0x80000000-0xbfffffff] hotplug
Sep 14 14:56:34 cu-cs-vm kernel: [    0.000000] ACPI: SRAT: Node 0 PXM 0 [mem 0x100000000-0x83fffffff] hotplug
Sep 14 14:56:34 cu-cs-vm systemd[1]: Started Apply Kernel Variables.
Sep 14 14:56:34 cu-cs-vm loadkeys[1716]: Loading /etc/console-setup/cached.kmap.gz
Sep 14 14:56:34 cu-cs-vm systemd[1]: Started Set console keymap.
Sep 14 14:56:34 cu-cs-vm systemd[1]: Started udev Kernel Device Manager.
Sep 14 14:56:34 cu-cs-vm systemd-udevd[1760]: Process '/bin/sh -c 'echo 180 >/sys$DEVPATH/timeout'' failed with exit code 2.
Sep 14 14:56:34 cu-cs-vm kernel: [    0.000000] NUMA: Node 0 [mem 0x00000000-0x0009ffff] + [mem 0x00100000-0x7fffffff] -> [mem 0x00000000-0x7fffffff]
Sep 14 14:56:34 cu-cs-vm kernel: [    0.000000] NODE_DATA(0) allocated [mem 0x7ffd5000-0x7fffffff]
Sep 14 14:56:34 cu-cs-vm kernel: [    0.000000] Reserving 128MB of memory at 704MB for crashkernel (System RAM: 2047MB)
Sep 14 14:56:34 cu-cs-vm kernel: [    0.000000] Zone ranges:
Sep 14 14:56:34 cu-cs-vm kernel: [    0.000000]   DMA      [mem 0x0000000000001000-0x0000000000ffffff]
Sep 14 14:56:34 cu-cs-vm kernel: [    0.000000]   DMA32    [mem 0x0000000001000000-0x000000007fffffff]
Sep 14 14:56:34 cu-cs-vm systemd[1]: Starting Remount Root and Kernel File Systems...
Sep 14 14:56:34 cu-cs-vm systemd-udevd[1762]: Process '/bin/sh -c 'echo 180 >/sys$DEVPATH/timeout'' failed with exit code 2.
Sep 14 14:56:34 cu-cs-vm systemd-udevd[1761]: Process '/bin/sh -c 'echo 180 >/sys$DEVPATH/timeout'' failed with exit code 2.
Sep 14 14:56:34 cu-cs-vm systemd-udevd[1760]: Process '/bin/sh -c 'echo 180 >/sys$DEVPATH/timeout'' failed with exit code 2.
Sep 14 14:56:34 cu-cs-vm kernel: [    0.000000]   Normal   empty
Sep 14 14:56:34 cu-cs-vm kernel: [    0.000000]   Device   empty
Sep 14 14:56:34 cu-cs-vm kernel: [    0.000000] Movable zone start for each node
Sep 14 14:56:34 cu-cs-vm kernel: [    0.000000] Early memory node ranges
Sep 14 14:56:34 cu-cs-vm kernel: [    0.000000]   node   0: [mem 0x0000000000001000-0x000000000009dfff]
Sep 14 14:56:34 cu-cs-vm kernel: [    0.000000]   node   0: [mem 0x0000000000100000-0x000000007fedffff]
Sep 14 14:56:34 cu-cs-vm systemd-udevd[1764]: Process '/bin/sh -c 'echo 180 >/sys$DEVPATH/timeout'' failed with exit code 2.
Sep 14 14:56:34 cu-cs-vm systemd-udevd[1765]: Process '/bin/sh -c 'echo 180 >/sys$DEVPATH/timeout'' failed with exit code 2.
Sep 14 14:56:34 cu-cs-vm systemd-udevd[1761]: Process '/bin/sh -c 'echo 180 >/sys$DEVPATH/timeout'' failed with exit code 2.
Sep 14 14:56:34 cu-cs-vm systemd-udevd[1762]: Process '/bin/sh -c 'echo 180 >/sys$DEVPATH/timeout'' failed with exit code 2.
Sep 14 14:56:34 cu-cs-vm kernel: [    0.000000]   node   0: [mem 0x000000007ff00000-0x000000007fffffff]
Sep 14 14:56:34 cu-cs-vm kernel: [    0.000000] Initmem setup node 0 [mem 0x0000000000001000-0x000000007fffffff]
Sep 14 14:56:34 cu-cs-vm kernel: [    0.000000] On node 0 totalpages: 524157
Sep 14 14:56:34 cu-cs-vm kernel: [    0.000000]   DMA zone: 64 pages used for memmap
Sep 14 14:56:34 cu-cs-vm kernel: [    0.000000]   DMA zone: 21 pages reserved
Sep 14 14:56:34 cu-cs-vm kernel: [    0.000000]   DMA zone: 3997 pages, LIFO batch:0
Sep 14 14:56:34 cu-cs-vm systemd-udevd[1767]: Process '/bin/sh -c 'echo 180 >/sys$DEVPATH/timeout'' failed with exit code 2.
Sep 14 14:56:34 cu-cs-vm systemd-udevd[1768]: Process '/bin/sh -c 'echo 180 >/sys$DEVPATH/timeout'' failed with exit code 2.
Sep 14 14:56:34 cu-cs-vm systemd-udevd[1766]: Process '/bin/sh -c 'echo 180 >/sys$DEVPATH/timeout'' failed with exit code 2.
Sep 14 14:56:34 cu-cs-vm systemd-udevd[1770]: Process '/bin/sh -c 'echo 180 >/sys$DEVPATH/timeout'' failed with exit code 2.
Sep 14 14:56:34 cu-cs-vm systemd-udevd[1765]: Process '/bin/sh -c 'echo 180 >/sys$DEVPATH/timeout'' failed with exit code 2.
Sep 14 14:56:34 cu-cs-vm systemd-udevd[1765]: Process '/bin/sh -c 'echo 180 >/sys$DEVPATH/timeout'' failed with exit code 2.
Sep 14 14:56:34 cu-cs-vm systemd-udevd[1774]: Process '/bin/sh -c 'echo 180 >/sys$DEVPATH/timeout'' failed with exit code 2.
Sep 14 14:56:34 cu-cs-vm systemd-udevd[1772]: Process '/bin/sh -c 'echo 180 >/sys$DEVPATH/timeout'' failed with exit code 2.
Sep 14 14:56:34 cu-cs-vm kernel: [    0.000000]   DMA32 zone: 8128 pages used for memmap
Sep 14 14:56:34 cu-cs-vm kernel: [    0.000000]   DMA32 zone: 520160 pages, LIFO batch:31
Sep 14 14:56:34 cu-cs-vm kernel: [    0.000000] ACPI: PM-Timer IO Port: 0x1008
Sep 14 14:56:34 cu-cs-vm kernel: [    0.000000] ACPI: Local APIC address 0xfee00000
Sep 14 14:56:34 cu-cs-vm kernel: [    0.000000] system APIC only can use physical flat
Sep 14 14:56:34 cu-cs-vm kernel: [    0.000000] ACPI: LAPIC_NMI (acpi_id[0x00] high edge lint[0x1])
Sep 14 14:56:34 cu-cs-vm systemd-udevd[1769]: Process '/bin/sh -c 'echo 180 >/sys$DEVPATH/timeout'' failed with exit code 2.
Sep 14 14:56:34 cu-cs-vm systemd[1]: Started Remount Root and Kernel File Systems.
Sep 14 14:56:34 cu-cs-vm systemd[1]: Starting Load/Save Random Seed...
Sep 14 14:56:34 cu-cs-vm systemd[1]: Starting Flush Journal to Persistent Storage...
Sep 14 14:56:34 cu-cs-vm systemd[1]: Reached target Local File Systems (Pre).
Sep 14 14:56:34 cu-cs-vm kernel: [    0.000000] ACPI: LAPIC_NMI (acpi_id[0x01] high edge lint[0x1])
Sep 14 14:56:34 cu-cs-vm kernel: [    0.000000] ACPI: LAPIC_NMI (acpi_id[0x02] high edge lint[0x1])
Sep 14 14:56:34 cu-cs-vm kernel: [    0.000000] ACPI: LAPIC_NMI (acpi_id[0x03] high edge lint[0x1])
Sep 14 14:56:34 cu-cs-vm kernel: [    0.000000] ACPI: LAPIC_NMI (acpi_id[0x04] high edge lint[0x1])
Sep 14 14:56:34 cu-cs-vm kernel: [    0.000000] ACPI: LAPIC_NMI (acpi_id[0x05] high edge lint[0x1])
Sep 14 14:56:34 cu-cs-vm kernel: [    0.000000] ACPI: LAPIC_NMI (acpi_id[0x06] high edge lint[0x1])
Sep 14 14:56:34 cu-cs-vm systemd[1]: Starting udev Coldplug all Devices...
Sep 14 14:56:34 cu-cs-vm systemd-udevd[1798]: Process '/bin/sh -c 'echo 180 >/sys$DEVPATH/timeout'' failed with exit code 2.
Sep 14 14:56:34 cu-cs-vm systemd[1]: Started Flush Journal to Persistent Storage.
Sep 14 14:56:34 cu-cs-vm systemd-udevd[1806]: Process '/bin/sh -c 'echo 180 >/sys$DEVPATH/timeout'' failed with exit code 2.
Sep 14 14:56:34 cu-cs-vm systemd-udevd[1807]: Process '/bin/sh -c 'echo 180 >/sys$DEVPATH/timeout'' failed with exit code 2.
Sep 14 14:56:34 cu-cs-vm kernel: [    0.000000] ACPI: LAPIC_NMI (acpi_id[0x07] high edge lint[0x1])
Sep 14 14:56:34 cu-cs-vm kernel: [    0.000000] ACPI: LAPIC_NMI (acpi_id[0x08] high edge lint[0x1])
Sep 14 14:56:34 cu-cs-vm kernel: [    0.000000] ACPI: LAPIC_NMI (acpi_id[0x09] high edge lint[0x1])
Sep 14 14:56:34 cu-cs-vm kernel: [    0.000000] ACPI: LAPIC_NMI (acpi_id[0x0a] high edge lint[0x1])
Sep 14 14:56:34 cu-cs-vm kernel: [    0.000000] ACPI: LAPIC_NMI (acpi_id[0x0b] high edge lint[0x1])
Sep 14 14:56:34 cu-cs-vm systemd-udevd[1805]: Process '/bin/sh -c 'echo 180 >/sys$DEVPATH/timeout'' failed with exit code 2.
Sep 14 14:56:34 cu-cs-vm systemd-udevd[1803]: Process '/bin/sh -c 'echo 180 >/sys$DEVPATH/timeout'' failed with exit code 2.
Sep 14 14:56:34 cu-cs-vm systemd-udevd[1810]: Process '/bin/sh -c 'echo 180 >/sys$DEVPATH/timeout'' failed with exit code 2.
Sep 14 14:56:34 cu-cs-vm systemd-udevd[1809]: Process '/bin/sh -c 'echo 180 >/sys$DEVPATH/timeout'' failed with exit code 2.
Sep 14 14:56:34 cu-cs-vm kernel: [    0.000000] ACPI: LAPIC_NMI (acpi_id[0x0c] high edge lint[0x1])
Sep 14 14:56:34 cu-cs-vm kernel: [    0.000000] ACPI: LAPIC_NMI (acpi_id[0x0d] high edge lint[0x1])
Sep 14 14:56:34 cu-cs-vm kernel: [    0.000000] ACPI: LAPIC_NMI (acpi_id[0x0e] high edge lint[0x1])
Sep 14 14:56:34 cu-cs-vm kernel: [    0.000000] ACPI: LAPIC_NMI (acpi_id[0x0f] high edge lint[0x1])
Sep 14 14:56:34 cu-cs-vm kernel: [    0.000000] ACPI: LAPIC_NMI (acpi_id[0x10] high edge lint[0x1])
Sep 14 14:56:34 cu-cs-vm kernel: [    0.000000] ACPI: LAPIC_NMI (acpi_id[0x11] high edge lint[0x1])
Sep 14 14:56:34 cu-cs-vm systemd-udevd[1811]: Process '/bin/sh -c 'echo 180 >/sys$DEVPATH/timeout'' failed with exit code 2.
Sep 14 14:56:34 cu-cs-vm systemd[1]: Started Load/Save Random Seed.
Sep 14 14:56:34 cu-cs-vm systemd-udevd[1800]: Process '/bin/sh -c 'echo 180 >/sys$DEVPATH/timeout'' failed with exit code 2.
Sep 14 14:56:34 cu-cs-vm systemd-udevd[1798]: Process '/bin/sh -c 'echo 180 >/sys$DEVPATH/timeout'' failed with exit code 2.
Sep 14 14:56:34 cu-cs-vm kernel: [    0.000000] ACPI: LAPIC_NMI (acpi_id[0x12] high edge lint[0x1])
Sep 14 14:56:34 cu-cs-vm kernel: [    0.000000] ACPI: LAPIC_NMI (acpi_id[0x13] high edge lint[0x1])
Sep 14 14:56:34 cu-cs-vm kernel: [    0.000000] ACPI: LAPIC_NMI (acpi_id[0x14] high edge lint[0x1])
Sep 14 14:56:34 cu-cs-vm kernel: [    0.000000] ACPI: LAPIC_NMI (acpi_id[0x15] high edge lint[0x1])
Sep 14 14:56:34 cu-cs-vm kernel: [    0.000000] ACPI: LAPIC_NMI (acpi_id[0x16] high edge lint[0x1])
Sep 14 14:56:34 cu-cs-vm kernel: [    0.000000] ACPI: LAPIC_NMI (acpi_id[0x17] high edge lint[0x1])
Sep 14 14:56:34 cu-cs-vm systemd-udevd[1812]: Process '/bin/sh -c 'echo 180 >/sys$DEVPATH/timeout'' failed with exit code 2.
Sep 14 14:56:34 cu-cs-vm systemd-udevd[1802]: Process '/bin/sh -c 'echo 180 >/sys$DEVPATH/timeout'' failed with exit code 2.
Sep 14 14:56:34 cu-cs-vm systemd-udevd[1801]: Process '/bin/sh -c 'echo 180 >/sys$DEVPATH/timeout'' failed with exit code 2.
Sep 14 14:56:34 cu-cs-vm systemd-udevd[1809]: Process '/bin/sh -c 'echo 180 >/sys$DEVPATH/timeout'' failed with exit code 2.
Sep 14 14:56:34 cu-cs-vm kernel: [    0.000000] ACPI: LAPIC_NMI (acpi_id[0x18] high edge lint[0x1])
Sep 14 14:56:34 cu-cs-vm kernel: [    0.000000] ACPI: LAPIC_NMI (acpi_id[0x19] high edge lint[0x1])
Sep 14 14:56:34 cu-cs-vm kernel: [    0.000000] ACPI: LAPIC_NMI (acpi_id[0x1a] high edge lint[0x1])
Sep 14 14:56:34 cu-cs-vm kernel: [    0.000000] ACPI: LAPIC_NMI (acpi_id[0x1b] high edge lint[0x1])
Sep 14 14:56:34 cu-cs-vm kernel: [    0.000000] ACPI: LAPIC_NMI (acpi_id[0x1c] high edge lint[0x1])
Sep 14 14:56:34 cu-cs-vm systemd-udevd[1806]: Process '/bin/sh -c 'echo 180 >/sys$DEVPATH/timeout'' failed with exit code 2.
Sep 14 14:56:34 cu-cs-vm systemd-udevd[1803]: Process '/bin/sh -c 'echo 180 >/sys$DEVPATH/timeout'' failed with exit code 2.
Sep 14 14:56:34 cu-cs-vm systemd-udevd[1805]: Process '/bin/sh -c 'echo 180 >/sys$DEVPATH/timeout'' failed with exit code 2.
Sep 14 14:56:34 cu-cs-vm systemd-udevd[1810]: Process '/bin/sh -c 'echo 180 >/sys$DEVPATH/timeout'' failed with exit code 2.
Sep 14 14:56:34 cu-cs-vm systemd-udevd[1811]: Process '/bin/sh -c 'echo 180 >/sys$DEVPATH/timeout'' failed with exit code 2.
Sep 14 14:56:34 cu-cs-vm kernel: [    0.000000] ACPI: LAPIC_NMI (acpi_id[0x1d] high edge lint[0x1])
Sep 14 14:56:34 cu-cs-vm systemd-udevd[1807]: Process '/bin/sh -c 'echo 180 >/sys$DEVPATH/timeout'' failed with exit code 2.
Sep 14 14:56:34 cu-cs-vm systemd-udevd[1809]: Process '/bin/sh -c 'echo 180 >/sys$DEVPATH/timeout'' failed with exit code 2.
Sep 14 14:56:34 cu-cs-vm kernel: [    0.000000] ACPI: LAPIC_NMI (acpi_id[0x1e] high edge lint[0x1])
Sep 14 14:56:34 cu-cs-vm kernel: [    0.000000] ACPI: LAPIC_NMI (acpi_id[0x1f] high edge lint[0x1])
Sep 14 14:56:34 cu-cs-vm kernel: [    0.000000] ACPI: LAPIC_NMI (acpi_id[0x20] high edge lint[0x1])
Sep 14 14:56:34 cu-cs-vm kernel: [    0.000000] ACPI: LAPIC_NMI (acpi_id[0x21] high edge lint[0x1])
Sep 14 14:56:34 cu-cs-vm kernel: [    0.000000] ACPI: LAPIC_NMI (acpi_id[0x22] high edge lint[0x1])
Sep 14 14:56:34 cu-cs-vm kernel: [    0.000000] ACPI: LAPIC_NMI (acpi_id[0x23] high edge lint[0x1])
Sep 14 14:56:34 cu-cs-vm rsyslogd-2039: Could not open output pipe '/dev/xconsole':: No such file or directory [v8.16.0 try http://www.rsyslog.com/e/2039 ]
Sep 14 14:56:34 cu-cs-vm systemd-udevd[1806]: Process '/bin/sh -c 'echo 180 >/sys$DEVPATH/timeout'' failed with exit code 2.
Sep 14 14:56:34 cu-cs-vm systemd-udevd[1802]: Process '/bin/sh -c 'echo 180 >/sys$DEVPATH/timeout'' failed with exit code 2.
Sep 14 14:56:34 cu-cs-vm systemd-udevd[1805]: Process '/bin/sh -c 'echo 180 >/sys$DEVPATH/timeout'' failed with exit code 2.
Sep 14 14:56:34 cu-cs-vm systemd-udevd[1803]: Process '/bin/sh -c 'echo 180 >/sys$DEVPATH/timeout'' failed with exit code 2.
Sep 14 14:56:34 cu-cs-vm kernel: [    0.000000] ACPI: LAPIC_NMI (acpi_id[0x24] high edge lint[0x1])
Sep 14 14:56:34 cu-cs-vm kernel: [    0.000000] ACPI: LAPIC_NMI (acpi_id[0x25] high edge lint[0x1])
Sep 14 14:56:34 cu-cs-vm kernel: [    0.000000] ACPI: LAPIC_NMI (acpi_id[0x26] high edge lint[0x1])
Sep 14 14:56:34 cu-cs-vm kernel: [    0.000000] ACPI: LAPIC_NMI (acpi_id[0x27] high edge lint[0x1])
Sep 14 14:56:34 cu-cs-vm kernel: [    0.000000] ACPI: LAPIC_NMI (acpi_id[0x28] high edge lint[0x1])
Sep 14 14:56:34 cu-cs-vm systemd-udevd[1810]: Process '/bin/sh -c 'echo 180 >/sys$DEVPATH/timeout'' failed with exit code 2.
Sep 14 14:56:34 cu-cs-vm systemd-udevd[1803]: Process '/bin/sh -c 'echo 180 >/sys$DEVPATH/timeout'' failed with exit code 2.
Sep 14 14:56:34 cu-cs-vm systemd-udevd[1800]: Process '/bin/sh -c 'echo 180 >/sys$DEVPATH/timeout'' failed with exit code 2.
Sep 14 14:56:34 cu-cs-vm systemd-udevd[1811]: Process '/bin/sh -c 'echo 180 >/sys$DEVPATH/timeout'' failed with exit code 2.
Sep 14 14:56:34 cu-cs-vm kernel: [    0.000000] ACPI: LAPIC_NMI (acpi_id[0x29] high edge lint[0x1])
Sep 14 14:56:34 cu-cs-vm kernel: [    0.000000] ACPI: LAPIC_NMI (acpi_id[0x2a] high edge lint[0x1])
Sep 14 14:56:34 cu-cs-vm kernel: [    0.000000] ACPI: LAPIC_NMI (acpi_id[0x2b] high edge lint[0x1])
Sep 14 14:56:34 cu-cs-vm kernel: [    0.000000] ACPI: LAPIC_NMI (acpi_id[0x2c] high edge lint[0x1])
Sep 14 14:56:34 cu-cs-vm kernel: [    0.000000] ACPI: LAPIC_NMI (acpi_id[0x2d] high edge lint[0x1])
Sep 14 14:56:34 cu-cs-vm kernel: [    0.000000] ACPI: LAPIC_NMI (acpi_id[0x2e] high edge lint[0x1])
Sep 14 14:56:34 cu-cs-vm systemd-udevd[1802]: Process '/bin/sh -c 'echo 180 >/sys$DEVPATH/timeout'' failed with exit code 2.
Sep 14 14:56:34 cu-cs-vm systemd-udevd[1807]: Process '/bin/sh -c 'echo 180 >/sys$DEVPATH/timeout'' failed with exit code 2.
Sep 14 14:56:34 cu-cs-vm systemd-udevd[1805]: Process '/bin/sh -c 'echo 180 >/sys$DEVPATH/timeout'' failed with exit code 2.
Sep 14 14:56:34 cu-cs-vm systemd-udevd[1806]: Process '/bin/sh -c 'echo 180 >/sys$DEVPATH/timeout'' failed with exit code 2.
Sep 14 14:56:34 cu-cs-vm kernel: [    0.000000] ACPI: LAPIC_NMI (acpi_id[0x2f] high edge lint[0x1])
Sep 14 14:56:34 cu-cs-vm kernel: [    0.000000] ACPI: LAPIC_NMI (acpi_id[0x30] high edge lint[0x1])
Sep 14 14:56:34 cu-cs-vm kernel: [    0.000000] ACPI: LAPIC_NMI (acpi_id[0x31] high edge lint[0x1])
Sep 14 14:56:34 cu-cs-vm kernel: [    0.000000] ACPI: LAPIC_NMI (acpi_id[0x32] high edge lint[0x1])
Sep 14 14:56:34 cu-cs-vm kernel: [    0.000000] ACPI: LAPIC_NMI (acpi_id[0x33] high edge lint[0x1])
Sep 14 14:56:34 cu-cs-vm kernel: [    0.000000] ACPI: LAPIC_NMI (acpi_id[0x34] high edge lint[0x1])
Sep 14 14:56:34 cu-cs-vm systemd-udevd[1798]: Process '/bin/sh -c 'echo 180 >/sys$DEVPATH/timeout'' failed with exit code 2.
Sep 14 14:56:34 cu-cs-vm systemd-udevd[1800]: Process '/bin/sh -c 'echo 180 >/sys$DEVPATH/timeout'' failed with exit code 2.
Sep 14 14:56:34 cu-cs-vm systemd-udevd[1809]: Process '/bin/sh -c 'echo 180 >/sys$DEVPATH/timeout'' failed with exit code 2.
Sep 14 14:56:34 cu-cs-vm systemd-udevd[1803]: Process '/bin/sh -c 'echo 180 >/sys$DEVPATH/timeout'' failed with exit code 2.
Sep 14 14:56:34 cu-cs-vm kernel: [    0.000000] ACPI: LAPIC_NMI (acpi_id[0x35] high edge lint[0x1])
Sep 14 14:56:34 cu-cs-vm kernel: [    0.000000] ACPI: LAPIC_NMI (acpi_id[0x36] high edge lint[0x1])
Sep 14 14:56:34 cu-cs-vm kernel: [    0.000000] ACPI: LAPIC_NMI (acpi_id[0x37] high edge lint[0x1])
Sep 14 14:56:34 cu-cs-vm kernel: [    0.000000] ACPI: LAPIC_NMI (acpi_id[0x38] high edge lint[0x1])
Sep 14 14:56:34 cu-cs-vm kernel: [    0.000000] ACPI: LAPIC_NMI (acpi_id[0x39] high edge lint[0x1])
Sep 14 14:56:34 cu-cs-vm kernel: [    0.000000] ACPI: LAPIC_NMI (acpi_id[0x3a] high edge lint[0x1])
Sep 14 14:56:34 cu-cs-vm rsyslogd-2007: action 'action 10' suspended, next retry is Thu Sep 14 14:57:04 2017 [v8.16.0 try http://www.rsyslog.com/e/2007 ]
Sep 14 14:56:34 cu-cs-vm systemd-udevd[1805]: Process '/bin/sh -c 'echo 180 >/sys$DEVPATH/timeout'' failed with exit code 2.
Sep 14 14:56:34 cu-cs-vm systemd-udevd[1798]: Process '/bin/sh -c 'echo 180 >/sys$DEVPATH/timeout'' failed with exit code 2.
Sep 14 14:56:34 cu-cs-vm systemd-udevd[1807]: Process '/bin/sh -c 'echo 180 >/sys$DEVPATH/timeout'' failed with exit code 2.
Sep 14 14:56:34 cu-cs-vm systemd-udevd[1802]: Process '/bin/sh -c 'echo 180 >/sys$DEVPATH/timeout'' failed with exit code 2.
Sep 14 14:56:34 cu-cs-vm kernel: [    0.000000] ACPI: LAPIC_NMI (acpi_id[0x3b] high edge lint[0x1])
Sep 14 14:56:34 cu-cs-vm kernel: [    0.000000] ACPI: LAPIC_NMI (acpi_id[0x3c] high edge lint[0x1])
Sep 14 14:56:34 cu-cs-vm kernel: [    0.000000] ACPI: LAPIC_NMI (acpi_id[0x3d] high edge lint[0x1])
Sep 14 14:56:34 cu-cs-vm kernel: [    0.000000] ACPI: LAPIC_NMI (acpi_id[0x3e] high edge lint[0x1])
Sep 14 14:56:34 cu-cs-vm kernel: [    0.000000] ACPI: LAPIC_NMI (acpi_id[0x3f] high edge lint[0x1])
Sep 14 14:56:34 cu-cs-vm kernel: [    0.000000] ACPI: LAPIC_NMI (acpi_id[0x40] high edge lint[0x1])
Sep 14 14:56:34 cu-cs-vm systemd-udevd[1809]: Process '/bin/sh -c 'echo 180 >/sys$DEVPATH/timeout'' failed with exit code 2.
Sep 14 14:56:34 cu-cs-vm systemd-udevd[1801]: Process '/bin/sh -c 'echo 180 >/sys$DEVPATH/timeout'' failed with exit code 2.
Sep 14 14:56:34 cu-cs-vm systemd-udevd[1812]: Process '/bin/sh -c 'echo 180 >/sys$DEVPATH/timeout'' failed with exit code 2.
Sep 14 14:56:34 cu-cs-vm systemd-udevd[1798]: Process '/bin/sh -c 'echo 180 >/sys$DEVPATH/timeout'' failed with exit code 2.
Sep 14 14:56:34 cu-cs-vm kernel: [    0.000000] ACPI: LAPIC_NMI (acpi_id[0x41] high edge lint[0x1])
Sep 14 14:56:34 cu-cs-vm kernel: [    0.000000] ACPI: LAPIC_NMI (acpi_id[0x42] high edge lint[0x1])
Sep 14 14:56:34 cu-cs-vm kernel: [    0.000000] ACPI: LAPIC_NMI (acpi_id[0x43] high edge lint[0x1])
Sep 14 14:56:34 cu-cs-vm kernel: [    0.000000] ACPI: LAPIC_NMI (acpi_id[0x44] high edge lint[0x1])
Sep 14 14:56:34 cu-cs-vm kernel: [    0.000000] ACPI: LAPIC_NMI (acpi_id[0x45] high edge lint[0x1])
Sep 14 14:56:34 cu-cs-vm kernel: [    0.000000] ACPI: LAPIC_NMI (acpi_id[0x46] high edge lint[0x1])
Sep 14 14:56:34 cu-cs-vm systemd-udevd[1807]: Process '/bin/sh -c 'echo 180 >/sys$DEVPATH/timeout'' failed with exit code 2.
Sep 14 14:56:34 cu-cs-vm systemd-udevd[1803]: Process '/bin/sh -c 'echo 180 >/sys$DEVPATH/timeout'' failed with exit code 2.
Sep 14 14:56:34 cu-cs-vm systemd-udevd[1802]: Process '/bin/sh -c 'echo 180 >/sys$DEVPATH/timeout'' failed with exit code 2.
Sep 14 14:56:34 cu-cs-vm systemd-udevd[1806]: Process '/bin/sh -c 'echo 180 >/sys$DEVPATH/timeout'' failed with exit code 2.
Sep 14 14:56:34 cu-cs-vm kernel: [    0.000000] ACPI: LAPIC_NMI (acpi_id[0x47] high edge lint[0x1])
Sep 14 14:56:34 cu-cs-vm kernel: [    0.000000] ACPI: LAPIC_NMI (acpi_id[0x48] high edge lint[0x1])
Sep 14 14:56:34 cu-cs-vm kernel: [    0.000000] ACPI: LAPIC_NMI (acpi_id[0x49] high edge lint[0x1])
Sep 14 14:56:34 cu-cs-vm kernel: [    0.000000] ACPI: LAPIC_NMI (acpi_id[0x4a] high edge lint[0x1])
Sep 14 14:56:34 cu-cs-vm kernel: [    0.000000] ACPI: LAPIC_NMI (acpi_id[0x4b] high edge lint[0x1])
Sep 14 14:56:34 cu-cs-vm systemd-udevd[1805]: Process '/bin/sh -c 'echo 180 >/sys$DEVPATH/timeout'' failed with exit code 2.
Sep 14 14:56:34 cu-cs-vm systemd-udevd[1809]: Process '/bin/sh -c 'echo 180 >/sys$DEVPATH/timeout'' failed with exit code 2.
Sep 14 14:56:34 cu-cs-vm systemd-udevd[1810]: Process '/bin/sh -c 'echo 180 >/sys$DEVPATH/timeout'' failed with exit code 2.
Sep 14 14:56:34 cu-cs-vm kernel: [    0.000000] ACPI: LAPIC_NMI (acpi_id[0x4c] high edge lint[0x1])
Sep 14 14:56:34 cu-cs-vm kernel: [    0.000000] ACPI: LAPIC_NMI (acpi_id[0x4d] high edge lint[0x1])
Sep 14 14:56:34 cu-cs-vm kernel: [    0.000000] ACPI: LAPIC_NMI (acpi_id[0x4e] high edge lint[0x1])
Sep 14 14:56:34 cu-cs-vm kernel: [    0.000000] ACPI: LAPIC_NMI (acpi_id[0x4f] high edge lint[0x1])
Sep 14 14:56:34 cu-cs-vm kernel: [    0.000000] ACPI: LAPIC_NMI (acpi_id[0x50] high edge lint[0x1])
Sep 14 14:56:34 cu-cs-vm kernel: [    0.000000] ACPI: LAPIC_NMI (acpi_id[0x51] high edge lint[0x1])
Sep 14 14:56:34 cu-cs-vm systemd-udevd[1798]: Process '/bin/sh -c 'echo 180 >/sys$DEVPATH/timeout'' failed with exit code 2.
Sep 14 14:56:34 cu-cs-vm systemd-udevd[1812]: Process '/bin/sh -c 'echo 180 >/sys$DEVPATH/timeout'' failed with exit code 2.
Sep 14 14:56:34 cu-cs-vm systemd-udevd[1803]: Process '/bin/sh -c 'echo 180 >/sys$DEVPATH/timeout'' failed with exit code 2.
Sep 14 14:56:34 cu-cs-vm systemd-udevd[1805]: Process '/bin/sh -c 'echo 180 >/sys$DEVPATH/timeout'' failed with exit code 2.
Sep 14 14:56:34 cu-cs-vm kernel: [    0.000000] ACPI: LAPIC_NMI (acpi_id[0x52] high edge lint[0x1])
Sep 14 14:56:34 cu-cs-vm kernel: [    0.000000] ACPI: LAPIC_NMI (acpi_id[0x53] high edge lint[0x1])
Sep 14 14:56:34 cu-cs-vm kernel: [    0.000000] ACPI: LAPIC_NMI (acpi_id[0x54] high edge lint[0x1])
Sep 14 14:56:34 cu-cs-vm kernel: [    0.000000] ACPI: LAPIC_NMI (acpi_id[0x55] high edge lint[0x1])
Sep 14 14:56:34 cu-cs-vm kernel: [    0.000000] ACPI: LAPIC_NMI (acpi_id[0x56] high edge lint[0x1])
Sep 14 14:56:34 cu-cs-vm kernel: [    0.000000] ACPI: LAPIC_NMI (acpi_id[0x57] high edge lint[0x1])
Sep 14 14:56:34 cu-cs-vm systemd-udevd[1807]: Process '/bin/sh -c 'echo 180 >/sys$DEVPATH/timeout'' failed with exit code 2.
Sep 14 14:56:34 cu-cs-vm systemd-udevd[1811]: Process '/bin/sh -c 'echo 180 >/sys$DEVPATH/timeout'' failed with exit code 2.
Sep 14 14:56:34 cu-cs-vm systemd-udevd[1809]: Process '/bin/sh -c 'echo 180 >/sys$DEVPATH/timeout'' failed with exit code 2.
Sep 14 14:56:34 cu-cs-vm systemd-udevd[1801]: Process '/bin/sh -c 'echo 180 >/sys$DEVPATH/timeout'' failed with exit code 2.
Sep 14 14:56:34 cu-cs-vm kernel: [    0.000000] ACPI: LAPIC_NMI (acpi_id[0x58] high edge lint[0x1])
Sep 14 14:56:34 cu-cs-vm kernel: [    0.000000] ACPI: LAPIC_NMI (acpi_id[0x59] high edge lint[0x1])
Sep 14 14:56:34 cu-cs-vm kernel: [    0.000000] ACPI: LAPIC_NMI (acpi_id[0x5a] high edge lint[0x1])
Sep 14 14:56:34 cu-cs-vm kernel: [    0.000000] ACPI: LAPIC_NMI (acpi_id[0x5b] high edge lint[0x1])
Sep 14 14:56:34 cu-cs-vm kernel: [    0.000000] ACPI: LAPIC_NMI (acpi_id[0x5c] high edge lint[0x1])
Sep 14 14:56:34 cu-cs-vm kernel: [    0.000000] ACPI: LAPIC_NMI (acpi_id[0x5d] high edge lint[0x1])
Sep 14 14:56:34 cu-cs-vm systemd-udevd[1802]: Process '/bin/sh -c 'echo 180 >/sys$DEVPATH/timeout'' failed with exit code 2.
Sep 14 14:56:34 cu-cs-vm systemd-udevd[1812]: Process '/bin/sh -c 'echo 180 >/sys$DEVPATH/timeout'' failed with exit code 2.
Sep 14 14:56:34 cu-cs-vm systemd-udevd[1798]: Process '/bin/sh -c 'echo 180 >/sys$DEVPATH/timeout'' failed with exit code 2.
Sep 14 14:56:34 cu-cs-vm systemd-udevd[1812]: Process '/bin/sh -c 'echo 180 >/sys$DEVPATH/timeout'' failed with exit code 2.
Sep 14 14:56:34 cu-cs-vm kernel: [    0.000000] ACPI: LAPIC_NMI (acpi_id[0x5e] high edge lint[0x1])
Sep 14 14:56:34 cu-cs-vm kernel: [    0.000000] ACPI: LAPIC_NMI (acpi_id[0x5f] high edge lint[0x1])
Sep 14 14:56:34 cu-cs-vm kernel: [    0.000000] ACPI: LAPIC_NMI (acpi_id[0x60] high edge lint[0x1])
Sep 14 14:56:34 cu-cs-vm kernel: [    0.000000] ACPI: LAPIC_NMI (acpi_id[0x61] high edge lint[0x1])
Sep 14 14:56:34 cu-cs-vm kernel: [    0.000000] ACPI: LAPIC_NMI (acpi_id[0x62] high edge lint[0x1])
Sep 14 14:56:34 cu-cs-vm kernel: [    0.000000] ACPI: LAPIC_NMI (acpi_id[0x63] high edge lint[0x1])
Sep 14 14:56:34 cu-cs-vm systemd-udevd[1800]: Process '/bin/sh -c 'echo 180 >/sys$DEVPATH/timeout'' failed with exit code 2.
Sep 14 14:56:34 cu-cs-vm systemd-udevd[1806]: Process '/bin/sh -c 'echo 180 >/sys$DEVPATH/timeout'' failed with exit code 2.
Sep 14 14:56:34 cu-cs-vm systemd-udevd[1807]: Process '/bin/sh -c 'echo 180 >/sys$DEVPATH/timeout'' failed with exit code 2.
Sep 14 14:56:34 cu-cs-vm systemd-udevd[1810]: Process '/bin/sh -c 'echo 180 >/sys$DEVPATH/timeout'' failed with exit code 2.
Sep 14 14:56:34 cu-cs-vm kernel: [    0.000000] ACPI: LAPIC_NMI (acpi_id[0x64] high edge lint[0x1])
Sep 14 14:56:34 cu-cs-vm kernel: [    0.000000] ACPI: LAPIC_NMI (acpi_id[0x65] high edge lint[0x1])
Sep 14 14:56:34 cu-cs-vm kernel: [    0.000000] ACPI: LAPIC_NMI (acpi_id[0x66] high edge lint[0x1])
Sep 14 14:56:34 cu-cs-vm kernel: [    0.000000] ACPI: LAPIC_NMI (acpi_id[0x67] high edge lint[0x1])
Sep 14 14:56:34 cu-cs-vm kernel: [    0.000000] ACPI: LAPIC_NMI (acpi_id[0x68] high edge lint[0x1])
Sep 14 14:56:34 cu-cs-vm systemd-udevd[1801]: Process '/bin/sh -c 'echo 180 >/sys$DEVPATH/timeout'' failed with exit code 2.
Sep 14 14:56:34 cu-cs-vm systemd-udevd[1809]: Process '/bin/sh -c 'echo 180 >/sys$DEVPATH/timeout'' failed with exit code 2.
Sep 14 14:56:34 cu-cs-vm systemd-udevd[1803]: Process '/bin/sh -c 'echo 180 >/sys$DEVPATH/timeout'' failed with exit code 2.
Sep 14 14:56:34 cu-cs-vm systemd-udevd[1802]: Process '/bin/sh -c 'echo 180 >/sys$DEVPATH/timeout'' failed with exit code 2.
Sep 14 14:56:34 cu-cs-vm kernel: [    0.000000] ACPI: LAPIC_NMI (acpi_id[0x69] high edge lint[0x1])
Sep 14 14:56:34 cu-cs-vm kernel: [    0.000000] ACPI: LAPIC_NMI (acpi_id[0x6a] high edge lint[0x1])
Sep 14 14:56:34 cu-cs-vm kernel: [    0.000000] ACPI: LAPIC_NMI (acpi_id[0x6b] high edge lint[0x1])
Sep 14 14:56:34 cu-cs-vm kernel: [    0.000000] ACPI: LAPIC_NMI (acpi_id[0x6c] high edge lint[0x1])
Sep 14 14:56:34 cu-cs-vm kernel: [    0.000000] ACPI: LAPIC_NMI (acpi_id[0x6d] high edge lint[0x1])
Sep 14 14:56:34 cu-cs-vm kernel: [    0.000000] ACPI: LAPIC_NMI (acpi_id[0x6e] high edge lint[0x1])
Sep 14 14:56:34 cu-cs-vm systemd-udevd[1805]: Process '/bin/sh -c 'echo 180 >/sys$DEVPATH/timeout'' failed with exit code 2.
Sep 14 14:56:34 cu-cs-vm systemd-udevd[1798]: Process '/bin/sh -c 'echo 180 >/sys$DEVPATH/timeout'' failed with exit code 2.
Sep 14 14:56:34 cu-cs-vm systemd-udevd[1811]: Process '/bin/sh -c 'echo 180 >/sys$DEVPATH/timeout'' failed with exit code 2.
Sep 14 14:56:34 cu-cs-vm systemd-udevd[1809]: Process '/bin/sh -c 'echo 180 >/sys$DEVPATH/timeout'' failed with exit code 2.
Sep 14 14:56:34 cu-cs-vm kernel: [    0.000000] ACPI: LAPIC_NMI (acpi_id[0x6f] high edge lint[0x1])
Sep 14 14:56:34 cu-cs-vm kernel: [    0.000000] ACPI: LAPIC_NMI (acpi_id[0x70] high edge lint[0x1])
Sep 14 14:56:34 cu-cs-vm kernel: [    0.000000] ACPI: LAPIC_NMI (acpi_id[0x71] high edge lint[0x1])
Sep 14 14:56:34 cu-cs-vm kernel: [    0.000000] ACPI: LAPIC_NMI (acpi_id[0x72] high edge lint[0x1])
Sep 14 14:56:34 cu-cs-vm kernel: [    0.000000] ACPI: LAPIC_NMI (acpi_id[0x73] high edge lint[0x1])
Sep 14 14:56:34 cu-cs-vm kernel: [    0.000000] ACPI: LAPIC_NMI (acpi_id[0x74] high edge lint[0x1])
Sep 14 14:56:34 cu-cs-vm systemd-udevd[1802]: Process '/bin/sh -c 'echo 180 >/sys$DEVPATH/timeout'' failed with exit code 2.
Sep 14 14:56:34 cu-cs-vm systemd-udevd[1806]: Process '/bin/sh -c 'echo 180 >/sys$DEVPATH/timeout'' failed with exit code 2.
Sep 14 14:56:34 cu-cs-vm systemd-udevd[1803]: Process '/bin/sh -c 'echo 180 >/sys$DEVPATH/timeout'' failed with exit code 2.
Sep 14 14:56:34 cu-cs-vm systemd-udevd[1806]: Process '/bin/sh -c 'echo 180 >/sys$DEVPATH/timeout'' failed with exit code 2.
Sep 14 14:56:34 cu-cs-vm kernel: [    0.000000] ACPI: LAPIC_NMI (acpi_id[0x75] high edge lint[0x1])
Sep 14 14:56:34 cu-cs-vm kernel: [    0.000000] ACPI: LAPIC_NMI (acpi_id[0x76] high edge lint[0x1])
Sep 14 14:56:34 cu-cs-vm kernel: [    0.000000] ACPI: LAPIC_NMI (acpi_id[0x77] high edge lint[0x1])
Sep 14 14:56:34 cu-cs-vm kernel: [    0.000000] ACPI: LAPIC_NMI (acpi_id[0x78] high edge lint[0x1])
Sep 14 14:56:34 cu-cs-vm kernel: [    0.000000] ACPI: LAPIC_NMI (acpi_id[0x79] high edge lint[0x1])
Sep 14 14:56:34 cu-cs-vm kernel: [    0.000000] ACPI: LAPIC_NMI (acpi_id[0x7a] high edge lint[0x1])
Sep 14 14:56:34 cu-cs-vm systemd-udevd[1805]: Process '/bin/sh -c 'echo 180 >/sys$DEVPATH/timeout'' failed with exit code 2.
Sep 14 14:56:34 cu-cs-vm systemd-udevd[1812]: Process '/bin/sh -c 'echo 180 >/sys$DEVPATH/timeout'' failed with exit code 2.
Sep 14 14:56:34 cu-cs-vm systemd-udevd[1800]: Process '/bin/sh -c 'echo 180 >/sys$DEVPATH/timeout'' failed with exit code 2.
Sep 14 14:56:34 cu-cs-vm kernel: [    0.000000] ACPI: LAPIC_NMI (acpi_id[0x7b] high edge lint[0x1])
Sep 14 14:56:34 cu-cs-vm kernel: [    0.000000] ACPI: LAPIC_NMI (acpi_id[0x7c] high edge lint[0x1])
Sep 14 14:56:34 cu-cs-vm kernel: [    0.000000] ACPI: LAPIC_NMI (acpi_id[0x7d] high edge lint[0x1])
Sep 14 14:56:34 cu-cs-vm kernel: [    0.000000] ACPI: LAPIC_NMI (acpi_id[0x7e] high edge lint[0x1])
Sep 14 14:56:34 cu-cs-vm kernel: [    0.000000] ACPI: LAPIC_NMI (acpi_id[0x7f] high edge lint[0x1])
Sep 14 14:56:34 cu-cs-vm kernel: [    0.000000] IOAPIC[0]: apic_id 1, version 17, address 0xfec00000, GSI 0-23
Sep 14 14:56:34 cu-cs-vm systemd-udevd[1811]: Process '/bin/sh -c 'echo 180 >/sys$DEVPATH/timeout'' failed with exit code 2.
Sep 14 14:56:34 cu-cs-vm systemd-udevd[1802]: Process '/bin/sh -c 'echo 180 >/sys$DEVPATH/timeout'' failed with exit code 2.
Sep 14 14:56:34 cu-cs-vm systemd-udevd[1809]: Process '/bin/sh -c 'echo 180 >/sys$DEVPATH/timeout'' failed with exit code 2.
Sep 14 14:56:34 cu-cs-vm systemd-udevd[1803]: Process '/bin/sh -c 'echo 180 >/sys$DEVPATH/timeout'' failed with exit code 2.
Sep 14 14:56:34 cu-cs-vm kernel: [    0.000000] ACPI: INT_SRC_OVR (bus 0 bus_irq 0 global_irq 2 high edge)
Sep 14 14:56:34 cu-cs-vm kernel: [    0.000000] ACPI: IRQ0 used by override.
Sep 14 14:56:34 cu-cs-vm kernel: [    0.000000] ACPI: IRQ9 used by override.
Sep 14 14:56:34 cu-cs-vm kernel: [    0.000000] Using ACPI (MADT) for SMP configuration information
Sep 14 14:56:34 cu-cs-vm kernel: [    0.000000] smpboot: Allowing 128 CPUs, 126 hotplug CPUs
Sep 14 14:56:34 cu-cs-vm kernel: [    0.000000] PM: Registered nosave memory: [mem 0x00000000-0x00000fff]
Sep 14 14:56:34 cu-cs-vm systemd-udevd[1810]: Process '/bin/sh -c 'echo 180 >/sys$DEVPATH/timeout'' failed with exit code 2.
Sep 14 14:56:34 cu-cs-vm systemd-udevd[1801]: Process '/bin/sh -c 'echo 180 >/sys$DEVPATH/timeout'' failed with exit code 2.
Sep 14 14:56:34 cu-cs-vm systemd-udevd[1798]: Process '/bin/sh -c 'echo 180 >/sys$DEVPATH/timeout'' failed with exit code 2.
Sep 14 14:56:34 cu-cs-vm systemd-udevd[1800]: Process '/bin/sh -c 'echo 180 >/sys$DEVPATH/timeout'' failed with exit code 2.
Sep 14 14:56:34 cu-cs-vm kernel: [    0.000000] PM: Registered nosave memory: [mem 0x0009e000-0x0009efff]
Sep 14 14:56:34 cu-cs-vm kernel: [    0.000000] PM: Registered nosave memory: [mem 0x0009f000-0x0009ffff]
Sep 14 14:56:34 cu-cs-vm kernel: [    0.000000] PM: Registered nosave memory: [mem 0x000a0000-0x000dbfff]
Sep 14 14:56:34 cu-cs-vm kernel: [    0.000000] PM: Registered nosave memory: [mem 0x000dc000-0x000fffff]
Sep 14 14:56:34 cu-cs-vm kernel: [    0.000000] PM: Registered nosave memory: [mem 0x7fee0000-0x7fefefff]
Sep 14 14:56:34 cu-cs-vm systemd-udevd[1812]: Process '/bin/sh -c 'echo 180 >/sys$DEVPATH/timeout'' failed with exit code 2.
Sep 14 14:56:34 cu-cs-vm systemd-udevd[1802]: Process '/bin/sh -c 'echo 180 >/sys$DEVPATH/timeout'' failed with exit code 2.
Sep 14 14:56:34 cu-cs-vm systemd[1]: Started udev Coldplug all Devices.
Sep 14 14:56:34 cu-cs-vm systemd[1]: Started Dispatch Password Requests to Console Directory Watch.
Sep 14 14:56:34 cu-cs-vm systemd-udevd[1805]: Process '/bin/sh -c 'echo 180 >/sys$DEVPATH/timeout'' failed with exit code 2.
Sep 14 14:56:34 cu-cs-vm kernel: [    0.000000] PM: Registered nosave memory: [mem 0x7feff000-0x7fefffff]
Sep 14 14:56:34 cu-cs-vm kernel: [    0.000000] e820: [mem 0x80000000-0xefffffff] available for PCI devices
Sep 14 14:56:34 cu-cs-vm kernel: [    0.000000] Booting paravirtualized kernel on VMware hypervisor
Sep 14 14:56:34 cu-cs-vm kernel: [    0.000000] clocksource: refined-jiffies: mask: 0xffffffff max_cycles: 0xffffffff, max_idle_ns: 7645519600211568 ns
Sep 14 14:56:34 cu-cs-vm kernel: [    0.000000] setup_percpu: NR_CPUS:8192 nr_cpumask_bits:128 nr_cpu_ids:128 nr_node_ids:1
Sep 14 14:56:34 cu-cs-vm kernel: [    0.000000] percpu: Embedded 36 pages/cpu @ffff8ee47b600000 s107928 r8192 d31336 u262144
Sep 14 14:56:34 cu-cs-vm kernel: [    0.000000] pcpu-alloc: s107928 r8192 d31336 u262144 alloc=1*2097152
Sep 14 14:56:34 cu-cs-vm kernel: [    0.000000] pcpu-alloc: [0] 000 001 002 003 004 005 006 007 
Sep 14 14:56:34 cu-cs-vm kernel: [    0.000000] pcpu-alloc: [0] 008 009 010 011 012 013 014 015 
Sep 14 14:56:34 cu-cs-vm kernel: [    0.000000] pcpu-alloc: [0] 016 017 018 019 020 021 022 023 
Sep 14 14:56:34 cu-cs-vm kernel: [    0.000000] pcpu-alloc: [0] 024 025 026 027 028 029 030 031 
Sep 14 14:56:34 cu-cs-vm kernel: [    0.000000] pcpu-alloc: [0] 032 033 034 035 036 037 038 039 
Sep 14 14:56:34 cu-cs-vm systemd-udevd[1807]: Process '/bin/sh -c 'echo 180 >/sys$DEVPATH/timeout'' failed with exit code 2.
Sep 14 14:56:34 cu-cs-vm systemd-udevd[1811]: Process '/bin/sh -c 'echo 180 >/sys$DEVPATH/timeout'' failed with exit code 2.
Sep 14 14:56:34 cu-cs-vm systemd-udevd[1810]: Process '/bin/sh -c 'echo 180 >/sys$DEVPATH/timeout'' failed with exit code 2.
Sep 14 14:56:34 cu-cs-vm systemd-udevd[1809]: Process '/bin/sh -c 'echo 180 >/sys$DEVPATH/timeout'' failed with exit code 2.
Sep 14 14:56:34 cu-cs-vm kernel: [    0.000000] pcpu-alloc: [0] 040 041 042 043 044 045 046 047 
Sep 14 14:56:34 cu-cs-vm kernel: [    0.000000] pcpu-alloc: [0] 048 049 050 051 052 053 054 055 
Sep 14 14:56:34 cu-cs-vm kernel: [    0.000000] pcpu-alloc: [0] 056 057 058 059 060 061 062 063 
Sep 14 14:56:34 cu-cs-vm kernel: [    0.000000] pcpu-alloc: [0] 064 065 066 067 068 069 070 071 
Sep 14 14:56:34 cu-cs-vm kernel: [    0.000000] pcpu-alloc: [0] 072 073 074 075 076 077 078 079 
Sep 14 14:56:34 cu-cs-vm kernel: [    0.000000] pcpu-alloc: [0] 080 081 082 083 084 085 086 087 
Sep 14 14:56:34 cu-cs-vm systemd-udevd[1806]: Process '/bin/sh -c 'echo 180 >/sys$DEVPATH/timeout'' failed with exit code 2.
Sep 14 14:56:34 cu-cs-vm systemd-udevd[1803]: Process '/bin/sh -c 'echo 180 >/sys$DEVPATH/timeout'' failed with exit code 2.
Sep 14 14:56:34 cu-cs-vm systemd-udevd[1811]: Process '/bin/sh -c 'echo 180 >/sys$DEVPATH/timeout'' failed with exit code 2.
Sep 14 14:56:34 cu-cs-vm systemd-udevd[1805]: Process '/bin/sh -c 'echo 180 >/sys$DEVPATH/timeout'' failed with exit code 2.
Sep 14 14:56:34 cu-cs-vm kernel: [    0.000000] pcpu-alloc: [0] 088 089 090 091 092 093 094 095 
Sep 14 14:56:34 cu-cs-vm kernel: [    0.000000] pcpu-alloc: [0] 096 097 098 099 100 101 102 103 
Sep 14 14:56:34 cu-cs-vm kernel: [    0.000000] pcpu-alloc: [0] 104 105 106 107 108 109 110 111 
Sep 14 14:56:34 cu-cs-vm kernel: [    0.000000] pcpu-alloc: [0] 112 113 114 115 116 117 118 119 
Sep 14 14:56:34 cu-cs-vm kernel: [    0.000000] pcpu-alloc: [0] 120 121 122 123 124 125 126 127 
Sep 14 14:56:34 cu-cs-vm systemd-udevd[1798]: Process '/bin/sh -c 'echo 180 >/sys$DEVPATH/timeout'' failed with exit code 2.
Sep 14 14:56:34 cu-cs-vm systemd-udevd[1812]: Process '/bin/sh -c 'echo 180 >/sys$DEVPATH/timeout'' failed with exit code 2.
Sep 14 14:56:34 cu-cs-vm systemd-udevd[1810]: Process '/bin/sh -c 'echo 180 >/sys$DEVPATH/timeout'' failed with exit code 2.
Sep 14 14:56:34 cu-cs-vm kernel: [    0.000000] Built 1 zonelists in Node order, mobility grouping on.  Total pages: 515944
Sep 14 14:56:34 cu-cs-vm kernel: [    0.000000] Policy zone: DMA32
Sep 14 14:56:34 cu-cs-vm kernel: [    0.000000] Kernel command line: BOOT_IMAGE=/@/boot/vmlinuz-4.10.17george root=UUID=403636af-0778-4937-b47b-ddd3b47d58cc ro rootflags=subvol=@ crashkernel=384M-:128M
Sep 14 14:56:34 cu-cs-vm kernel: [    0.000000] log_buf_len individual max cpu contribution: 4096 bytes
Sep 14 14:56:34 cu-cs-vm kernel: [    0.000000] log_buf_len total cpu_extra contributions: 520192 bytes
Sep 14 14:56:34 cu-cs-vm kernel: [    0.000000] log_buf_len min size: 262144 bytes
Sep 14 14:56:34 cu-cs-vm systemd-udevd[1807]: Process '/bin/sh -c 'echo 180 >/sys$DEVPATH/timeout'' failed with exit code 2.
Sep 14 14:56:34 cu-cs-vm systemd-udevd[1800]: Process '/bin/sh -c 'echo 180 >/sys$DEVPATH/timeout'' failed with exit code 2.
Sep 14 14:56:34 cu-cs-vm systemd-udevd[1801]: Process '/bin/sh -c 'echo 180 >/sys$DEVPATH/timeout'' failed with exit code 2.
Sep 14 14:56:34 cu-cs-vm systemd-udevd[1803]: Process '/bin/sh -c 'echo 180 >/sys$DEVPATH/timeout'' failed with exit code 2.
Sep 14 14:56:34 cu-cs-vm kernel: [    0.000000] log_buf_len: 1048576 bytes
Sep 14 14:56:34 cu-cs-vm kernel: [    0.000000] early log buf free: 236768(90%)
Sep 14 14:56:34 cu-cs-vm kernel: [    0.000000] PID hash table entries: 4096 (order: 3, 32768 bytes)
Sep 14 14:56:34 cu-cs-vm kernel: [    0.000000] Calgary: detecting Calgary via BIOS EBDA area
Sep 14 14:56:34 cu-cs-vm kernel: [    0.000000] Calgary: Unable to locate Rio Grande table in EBDA - bailing!
Sep 14 14:56:34 cu-cs-vm kernel: [    0.000000] Memory: 1795508K/2096628K available (8877K kernel code, 1650K rwdata, 3664K rodata, 2216K init, 2364K bss, 301120K reserved, 0K cma-reserved)
Sep 14 14:56:34 cu-cs-vm systemd-udevd[1812]: Process '/bin/sh -c 'echo 180 >/sys$DEVPATH/timeout'' failed with exit code 2.
Sep 14 14:56:34 cu-cs-vm kernel: [    0.000000] SLUB: HWalign=64, Order=0-3, MinObjects=0, CPUs=128, Nodes=1
Sep 14 14:56:34 cu-cs-vm kernel: [    0.000000] Hierarchical RCU implementation.
Sep 14 14:56:34 cu-cs-vm kernel: [    0.000000] 	Build-time adjustment of leaf fanout to 64.
Sep 14 14:56:34 cu-cs-vm kernel: [    0.000000] 	RCU restricting CPUs from NR_CPUS=8192 to nr_cpu_ids=128.
Sep 14 14:56:34 cu-cs-vm kernel: [    0.000000] RCU: Adjusting geometry for rcu_fanout_leaf=64, nr_cpu_ids=128
Sep 14 14:56:34 cu-cs-vm systemd-udevd[1801]: Process '/bin/sh -c 'echo 180 >/sys$DEVPATH/timeout'' failed with exit code 2.
Sep 14 14:56:34 cu-cs-vm systemd-udevd[1805]: Process '/bin/sh -c 'echo 180 >/sys$DEVPATH/timeout'' failed with exit code 2.
Sep 14 14:56:34 cu-cs-vm systemd-udevd[1806]: Process '/bin/sh -c 'echo 180 >/sys$DEVPATH/timeout'' failed with exit code 2.
Sep 14 14:56:34 cu-cs-vm systemd-udevd[1807]: Process '/bin/sh -c 'echo 180 >/sys$DEVPATH/timeout'' failed with exit code 2.
Sep 14 14:56:34 cu-cs-vm systemd-udevd[1800]: Process '/bin/sh -c 'echo 180 >/sys$DEVPATH/timeout'' failed with exit code 2.
Sep 14 14:56:34 cu-cs-vm systemd-udevd[1809]: Process '/bin/sh -c 'echo 180 >/sys$DEVPATH/timeout'' failed with exit code 2.
Sep 14 14:56:34 cu-cs-vm systemd-udevd[1811]: Process '/bin/sh -c 'echo 180 >/sys$DEVPATH/timeout'' failed with exit code 2.
Sep 14 14:56:34 cu-cs-vm kernel: [    0.000000] NR_IRQS:524544 nr_irqs:1448 16
Sep 14 14:56:34 cu-cs-vm kernel: [    0.000000] Console: colour VGA+ 80x25
Sep 14 14:56:34 cu-cs-vm kernel: [    0.000000] console [tty0] enabled
Sep 14 14:56:34 cu-cs-vm kernel: [    0.000000] tsc: Detected 2194.919 MHz processor
Sep 14 14:56:34 cu-cs-vm kernel: [    0.738571] Calibrating delay loop (skipped) preset value.. 4389.83 BogoMIPS (lpj=8779676)
Sep 14 14:56:34 cu-cs-vm kernel: [    0.738740] pid_max: default: 131072 minimum: 1024
Sep 14 14:56:34 cu-cs-vm kernel: [    0.738874] ACPI: Core revision 20160930
Sep 14 14:56:34 cu-cs-vm kernel: [    0.753635] ACPI: 1 ACPI AML tables successfully acquired and loaded
Sep 14 14:56:34 cu-cs-vm kernel: [    0.753849] Security Framework initialized
Sep 14 14:56:34 cu-cs-vm kernel: [    0.754079] Yama: becoming mindful.
Sep 14 14:56:34 cu-cs-vm kernel: [    0.754362] AppArmor: AppArmor initialized
Sep 14 14:56:34 cu-cs-vm kernel: [    0.754746] Dentry cache hash table entries: 262144 (order: 9, 2097152 bytes)
Sep 14 14:56:34 cu-cs-vm systemd-udevd[1798]: Process '/bin/sh -c 'echo 180 >/sys$DEVPATH/timeout'' failed with exit code 2.
Sep 14 14:56:34 cu-cs-vm systemd-udevd[1802]: Process '/bin/sh -c 'echo 180 >/sys$DEVPATH/timeout'' failed with exit code 2.
Sep 14 14:56:34 cu-cs-vm systemd-udevd[1810]: Process '/bin/sh -c 'echo 180 >/sys$DEVPATH/timeout'' failed with exit code 2.
Sep 14 14:56:34 cu-cs-vm systemd-udevd[1806]: Process '/bin/sh -c 'echo 180 >/sys$DEVPATH/timeout'' failed with exit code 2.
Sep 14 14:56:34 cu-cs-vm systemd-udevd[1801]: Process '/bin/sh -c 'echo 180 >/sys$DEVPATH/timeout'' failed with exit code 2.
Sep 14 14:56:34 cu-cs-vm systemd-udevd[1809]: Process '/bin/sh -c 'echo 180 >/sys$DEVPATH/timeout'' failed with exit code 2.
Sep 14 14:56:34 cu-cs-vm systemd-udevd[1802]: Process '/bin/sh -c 'echo 180 >/sys$DEVPATH/timeout'' failed with exit code 2.
Sep 14 14:56:34 cu-cs-vm systemd-udevd[1811]: Process '/bin/sh -c 'echo 180 >/sys$DEVPATH/timeout'' failed with exit code 2.
Sep 14 14:56:34 cu-cs-vm kernel: [    0.763811] Inode-cache hash table entries: 131072 (order: 8, 1048576 bytes)
Sep 14 14:56:34 cu-cs-vm kernel: [    0.770927] Mount-cache hash table entries: 4096 (order: 3, 32768 bytes)
Sep 14 14:56:34 cu-cs-vm kernel: [    0.771048] Mountpoint-cache hash table entries: 4096 (order: 3, 32768 bytes)
Sep 14 14:56:34 cu-cs-vm kernel: [    0.772854] Disabled fast string operations
Sep 14 14:56:34 cu-cs-vm kernel: [    0.772950] CPU: Physical Processor ID: 0
Sep 14 14:56:34 cu-cs-vm kernel: [    0.773044] ENERGY_PERF_BIAS: Set to 'normal', was 'performance'
Sep 14 14:56:34 cu-cs-vm kernel: [    0.773145] ENERGY_PERF_BIAS: View and update with x86_energy_perf_policy(8)
Sep 14 14:56:34 cu-cs-vm kernel: [    0.773272] mce: CPU supports 0 MCE banks
Sep 14 14:56:34 cu-cs-vm kernel: [    0.773370] Last level iTLB entries: 4KB 64, 2MB 8, 4MB 8
Sep 14 14:56:34 cu-cs-vm kernel: [    0.773480] Last level dTLB entries: 4KB 64, 2MB 0, 4MB 0, 1GB 4
Sep 14 14:56:34 cu-cs-vm kernel: [    0.773725] Freeing SMP alternatives memory: 32K
Sep 14 14:56:34 cu-cs-vm kernel: [    0.778971] ftrace: allocating 33441 entries in 131 pages
Sep 14 14:56:34 cu-cs-vm systemd-udevd[1798]: Process '/bin/sh -c 'echo 180 >/sys$DEVPATH/timeout'' failed with exit code 2.
Sep 14 14:56:34 cu-cs-vm systemd-udevd[1800]: Process '/bin/sh -c 'echo 180 >/sys$DEVPATH/timeout'' failed with exit code 2.
Sep 14 14:56:34 cu-cs-vm systemd-udevd[1805]: Process '/bin/sh -c 'echo 180 >/sys$DEVPATH/timeout'' failed with exit code 2.
Sep 14 14:56:34 cu-cs-vm systemd-udevd[1810]: Process '/bin/sh -c 'echo 180 >/sys$DEVPATH/timeout'' failed with exit code 2.
Sep 14 14:56:34 cu-cs-vm kernel: [    0.803030] smpboot: Max logical packages: 128
Sep 14 14:56:34 cu-cs-vm kernel: [    0.804318] x2apic enabled
Sep 14 14:56:34 cu-cs-vm kernel: [    0.805473] Switched APIC routing to physical x2apic.
Sep 14 14:56:34 cu-cs-vm kernel: [    0.807998] ..TIMER: vector=0x30 apic1=0 pin1=2 apic2=-1 pin2=-1
Sep 14 14:56:34 cu-cs-vm kernel: [    0.808677] TSC deadline timer enabled
Sep 14 14:56:34 cu-cs-vm systemd-udevd[1806]: Process '/bin/sh -c 'echo 180 >/sys$DEVPATH/timeout'' failed with exit code 2.
Sep 14 14:56:34 cu-cs-vm systemd-udevd[1809]: Process '/bin/sh -c 'echo 180 >/sys$DEVPATH/timeout'' failed with exit code 2.
Sep 14 14:56:34 cu-cs-vm systemd-udevd[1801]: Process '/bin/sh -c 'echo 180 >/sys$DEVPATH/timeout'' failed with exit code 2.
Sep 14 14:56:34 cu-cs-vm systemd-udevd[1803]: Process '/bin/sh -c 'echo 180 >/sys$DEVPATH/timeout'' failed with exit code 2.
Sep 14 14:56:34 cu-cs-vm kernel: [    0.808687] smpboot: CPU0: Intel(R) Core(TM) i5-5200U CPU @ 2.20GHz (family: 0x6, model: 0x3d, stepping: 0x4)
Sep 14 14:56:34 cu-cs-vm kernel: [    0.810392] Performance Events: Broadwell events, core PMU driver.
Sep 14 14:56:34 cu-cs-vm kernel: [    0.811114] core: CPUID marked event: 'cpu cycles' unavailable
Sep 14 14:56:34 cu-cs-vm kernel: [    0.811702] core: CPUID marked event: 'instructions' unavailable
Sep 14 14:56:34 cu-cs-vm kernel: [    0.812905] core: CPUID marked event: 'bus cycles' unavailable
Sep 14 14:56:34 cu-cs-vm kernel: [    0.813493] core: CPUID marked event: 'cache references' unavailable
Sep 14 14:56:34 cu-cs-vm systemd-udevd[1812]: Process '/bin/sh -c 'echo 180 >/sys$DEVPATH/timeout'' failed with exit code 2.
Sep 14 14:56:34 cu-cs-vm systemd-udevd[1807]: Process '/bin/sh -c 'echo 180 >/sys$DEVPATH/timeout'' failed with exit code 2.
Sep 14 14:56:34 cu-cs-vm systemd-udevd[1802]: Process '/bin/sh -c 'echo 180 >/sys$DEVPATH/timeout'' failed with exit code 2.
Sep 14 14:56:34 cu-cs-vm kernel: [    0.814108] core: CPUID marked event: 'cache misses' unavailable
Sep 14 14:56:34 cu-cs-vm kernel: [    0.814699] core: CPUID marked event: 'branch instructions' unavailable
Sep 14 14:56:34 cu-cs-vm kernel: [    0.815347] core: CPUID marked event: 'branch misses' unavailable
Sep 14 14:56:34 cu-cs-vm kernel: [    0.815946] ... version:                1
Sep 14 14:56:34 cu-cs-vm kernel: [    0.816448] ... bit width:              48
Sep 14 14:56:34 cu-cs-vm kernel: [    0.816968] ... generic registers:      4
Sep 14 14:56:34 cu-cs-vm systemd-udevd[1811]: Process '/bin/sh -c 'echo 180 >/sys$DEVPATH/timeout'' failed with exit code 2.
Sep 14 14:56:34 cu-cs-vm systemd-udevd[1800]: Process '/bin/sh -c 'echo 180 >/sys$DEVPATH/timeout'' failed with exit code 2.
Sep 14 14:56:34 cu-cs-vm systemd-udevd[1810]: Process '/bin/sh -c 'echo 180 >/sys$DEVPATH/timeout'' failed with exit code 2.
Sep 14 14:56:34 cu-cs-vm systemd-udevd[1798]: Process '/bin/sh -c 'echo 180 >/sys$DEVPATH/timeout'' failed with exit code 2.
Sep 14 14:56:34 cu-cs-vm kernel: [    0.817472] ... value mask:             0000ffffffffffff
Sep 14 14:56:34 cu-cs-vm kernel: [    0.818029] ... max period:             000000007fffffff
Sep 14 14:56:34 cu-cs-vm kernel: [    0.818589] ... fixed-purpose events:   0
Sep 14 14:56:34 cu-cs-vm kernel: [    0.819108] ... event mask:             000000000000000f
Sep 14 14:56:34 cu-cs-vm kernel: [    0.825059] NMI watchdog: disabled (cpu0): hardware events not enabled
Sep 14 14:56:34 cu-cs-vm kernel: [    0.825699] NMI watchdog: Shutting down hard lockup detector on all cpus
Sep 14 14:56:34 cu-cs-vm systemd-udevd[1805]: Process '/bin/sh -c 'echo 180 >/sys$DEVPATH/timeout'' failed with exit code 2.
Sep 14 14:56:34 cu-cs-vm systemd-udevd[1811]: Process '/bin/sh -c 'echo 180 >/sys$DEVPATH/timeout'' failed with exit code 2.
Sep 14 14:56:34 cu-cs-vm systemd-udevd[1812]: Process '/bin/sh -c 'echo 180 >/sys$DEVPATH/timeout'' failed with exit code 2.
Sep 14 14:56:34 cu-cs-vm systemd-udevd[1801]: Process '/bin/sh -c 'echo 180 >/sys$DEVPATH/timeout'' failed with exit code 2.
Sep 14 14:56:34 cu-cs-vm kernel: [    0.842219] smp: Bringing up secondary CPUs ...
Sep 14 14:56:34 cu-cs-vm kernel: [    0.843838] x86: Booting SMP configuration:
Sep 14 14:56:34 cu-cs-vm kernel: [    0.844359] .... node  #0, CPUs:          #1
Sep 14 14:56:34 cu-cs-vm kernel: [    0.846805] Disabled fast string operations
Sep 14 14:56:34 cu-cs-vm kernel: [    0.846851] mce: CPU supports 0 MCE banks
Sep 14 14:56:34 cu-cs-vm kernel: [    0.846891] smpboot: CPU 1 Converting physical 2 to logical package 1
Sep 14 14:56:34 cu-cs-vm kernel: [    0.847048] smp: Brought up 1 node, 2 CPUs
Sep 14 14:56:34 cu-cs-vm kernel: [    0.847513] smpboot: Total of 2 processors activated (8779.67 BogoMIPS)
Sep 14 14:56:34 cu-cs-vm kernel: [    0.851532] devtmpfs: initialized
Sep 14 14:56:34 cu-cs-vm kernel: [    0.851752] x86/mm: Memory block size: 128MB
Sep 14 14:56:34 cu-cs-vm kernel: [    0.854180] evm: security.selinux
Sep 14 14:56:34 cu-cs-vm systemd-udevd[1809]: Process '/bin/sh -c 'echo 180 >/sys$DEVPATH/timeout'' failed with exit code 2.
Sep 14 14:56:34 cu-cs-vm systemd-udevd[1802]: Process '/bin/sh -c 'echo 180 >/sys$DEVPATH/timeout'' failed with exit code 2.
Sep 14 14:56:34 cu-cs-vm systemd-udevd[1806]: Process '/bin/sh -c 'echo 180 >/sys$DEVPATH/timeout'' failed with exit code 2.
Sep 14 14:56:34 cu-cs-vm systemd-udevd[1803]: Process '/bin/sh -c 'echo 180 >/sys$DEVPATH/timeout'' failed with exit code 2.
Sep 14 14:56:34 cu-cs-vm systemd-udevd[1807]: Process '/bin/sh -c 'echo 180 >/sys$DEVPATH/timeout'' failed with exit code 2.
Sep 14 14:56:34 cu-cs-vm systemd-udevd[1800]: Process '/bin/sh -c 'echo 180 >/sys$DEVPATH/timeout'' failed with exit code 2.
Sep 14 14:56:34 cu-cs-vm systemd-udevd[1810]: Process '/bin/sh -c 'echo 180 >/sys$DEVPATH/timeout'' failed with exit code 2.
Sep 14 14:56:34 cu-cs-vm systemd-udevd[1805]: Process '/bin/sh -c 'echo 180 >/sys$DEVPATH/timeout'' failed with exit code 2.
Sep 14 14:56:34 cu-cs-vm kernel: [    0.854272] evm: security.SMACK64
Sep 14 14:56:34 cu-cs-vm kernel: [    0.854353] evm: security.SMACK64EXEC
Sep 14 14:56:34 cu-cs-vm kernel: [    0.854435] evm: security.SMACK64TRANSMUTE
Sep 14 14:56:34 cu-cs-vm kernel: [    0.854521] evm: security.SMACK64MMAP
Sep 14 14:56:34 cu-cs-vm kernel: [    0.854604] evm: security.ima
Sep 14 14:56:34 cu-cs-vm kernel: [    0.854682] evm: security.capability
Sep 14 14:56:34 cu-cs-vm kernel: [    0.855073] PM: Registering ACPI NVS region [mem 0x7feff000-0x7fefffff] (4096 bytes)
Sep 14 14:56:34 cu-cs-vm kernel: [    0.855368] clocksource: jiffies: mask: 0xffffffff max_cycles: 0xffffffff, max_idle_ns: 7645041785100000 ns
Sep 14 14:56:34 cu-cs-vm kernel: [    0.855727] futex hash table entries: 32768 (order: 9, 2097152 bytes)
Sep 14 14:56:34 cu-cs-vm kernel: [    0.869504] pinctrl core: initialized pinctrl subsystem
Sep 14 14:56:34 cu-cs-vm kernel: [    0.869993] RTC time: 20:56:17, date: 09/14/17
Sep 14 14:56:34 cu-cs-vm kernel: [    0.870732] NET: Registered protocol family 16
Sep 14 14:56:34 cu-cs-vm systemd-udevd[1806]: Process '/bin/sh -c 'echo 180 >/sys$DEVPATH/timeout'' failed with exit code 2.
Sep 14 14:56:34 cu-cs-vm systemd-udevd[1798]: Process '/bin/sh -c 'echo 180 >/sys$DEVPATH/timeout'' failed with exit code 2.
Sep 14 14:56:34 cu-cs-vm systemd-udevd[1803]: Process '/bin/sh -c 'echo 180 >/sys$DEVPATH/timeout'' failed with exit code 2.
Sep 14 14:56:34 cu-cs-vm systemd-udevd[1807]: Process '/bin/sh -c 'echo 180 >/sys$DEVPATH/timeout'' failed with exit code 2.
Sep 14 14:56:34 cu-cs-vm kernel: [    0.892530] cpuidle: using governor ladder
Sep 14 14:56:34 cu-cs-vm kernel: [    0.926561] cpuidle: using governor menu
Sep 14 14:56:34 cu-cs-vm kernel: [    0.926663] PCCT header not found.
Sep 14 14:56:34 cu-cs-vm kernel: [    0.926780] Simple Boot Flag at 0x36 set to 0x80
Sep 14 14:56:34 cu-cs-vm kernel: [    0.926926] ACPI: bus type PCI registered
Sep 14 14:56:34 cu-cs-vm kernel: [    0.927015] acpiphp: ACPI Hot Plug PCI Controller Driver version: 0.5
Sep 14 14:56:34 cu-cs-vm systemd-udevd[1809]: Process '/bin/sh -c 'echo 180 >/sys$DEVPATH/timeout'' failed with exit code 2.
Sep 14 14:56:34 cu-cs-vm systemd-udevd[1812]: Process '/bin/sh -c 'echo 180 >/sys$DEVPATH/timeout'' failed with exit code 2.
Sep 14 14:56:34 cu-cs-vm systemd-udevd[1811]: Process '/bin/sh -c 'echo 180 >/sys$DEVPATH/timeout'' failed with exit code 2.
Sep 14 14:56:34 cu-cs-vm systemd-udevd[1806]: Process '/bin/sh -c 'echo 180 >/sys$DEVPATH/timeout'' failed with exit code 2.
Sep 14 14:56:34 cu-cs-vm kernel: [    0.927356] PCI: MMCONFIG for domain 0000 [bus 00-7f] at [mem 0xf0000000-0xf7ffffff] (base 0xf0000000)
Sep 14 14:56:34 cu-cs-vm kernel: [    0.927531] PCI: MMCONFIG at [mem 0xf0000000-0xf7ffffff] reserved in E820
Sep 14 14:56:34 cu-cs-vm kernel: [    0.927645] PCI: Using configuration type 1 for base access
Sep 14 14:56:34 cu-cs-vm kernel: [    0.959129] HugeTLB registered 1 GB page size, pre-allocated 0 pages
Sep 14 14:56:34 cu-cs-vm kernel: [    0.959242] HugeTLB registered 2 MB page size, pre-allocated 0 pages
Sep 14 14:56:34 cu-cs-vm systemd-udevd[1803]: Process '/bin/sh -c 'echo 180 >/sys$DEVPATH/timeout'' failed with exit code 2.
Sep 14 14:56:34 cu-cs-vm systemd-udevd[1802]: Process '/bin/sh -c 'echo 180 >/sys$DEVPATH/timeout'' failed with exit code 2.
Sep 14 14:56:34 cu-cs-vm systemd-udevd[1805]: Process '/bin/sh -c 'echo 180 >/sys$DEVPATH/timeout'' failed with exit code 2.
Sep 14 14:56:34 cu-cs-vm systemd-udevd[1798]: Process '/bin/sh -c 'echo 180 >/sys$DEVPATH/timeout'' failed with exit code 2.
Sep 14 14:56:34 cu-cs-vm kernel: [    0.961473] ACPI: Added _OSI(Module Device)
Sep 14 14:56:34 cu-cs-vm kernel: [    0.961590] ACPI: Added _OSI(Processor Device)
Sep 14 14:56:34 cu-cs-vm kernel: [    0.961680] ACPI: Added _OSI(3.0 _SCP Extensions)
Sep 14 14:56:34 cu-cs-vm kernel: [    0.961770] ACPI: Added _OSI(Processor Aggregator Device)
Sep 14 14:56:34 cu-cs-vm kernel: [    0.966449] ACPI: [Firmware Bug]: BIOS _OSI(Linux) query ignored
Sep 14 14:56:34 cu-cs-vm kernel: [    0.986936] ACPI: Interpreter enabled
Sep 14 14:56:34 cu-cs-vm systemd-udevd[1807]: Process '/bin/sh -c 'echo 180 >/sys$DEVPATH/timeout'' failed with exit code 2.
Sep 14 14:56:34 cu-cs-vm systemd-udevd[1812]: Process '/bin/sh -c 'echo 180 >/sys$DEVPATH/timeout'' failed with exit code 2.
Sep 14 14:56:34 cu-cs-vm systemd-udevd[1809]: Process '/bin/sh -c 'echo 180 >/sys$DEVPATH/timeout'' failed with exit code 2.
Sep 14 14:56:34 cu-cs-vm kernel: [    0.987058] ACPI: (supports S0 S1 S4 S5)
Sep 14 14:56:34 cu-cs-vm kernel: [    0.987145] ACPI: Using IOAPIC for interrupt routing
Sep 14 14:56:34 cu-cs-vm kernel: [    0.987263] PCI: Using host bridge windows from ACPI; if necessary, use "pci=nocrs" and report a bug
Sep 14 14:56:34 cu-cs-vm kernel: [    1.079309] ACPI: PCI Root Bridge [PCI0] (domain 0000 [bus 00-7f])
Sep 14 14:56:34 cu-cs-vm kernel: [    1.079427] acpi PNP0A03:00: _OSC: OS supports [ExtendedConfig ASPM ClockPM Segments MSI]
Sep 14 14:56:34 cu-cs-vm kernel: [    1.079793] acpi PNP0A03:00: _OSC: platform does not support [AER]
Sep 14 14:56:34 cu-cs-vm kernel: [    1.080088] acpi PNP0A03:00: _OSC: OS now controls [PCIeHotplug PME PCIeCapability]
Sep 14 14:56:34 cu-cs-vm kernel: [    1.082276] PCI host bridge to bus 0000:00
Sep 14 14:56:34 cu-cs-vm kernel: [    1.082372] pci_bus 0000:00: root bus resource [mem 0x000a0000-0x000bffff window]
Sep 14 14:56:34 cu-cs-vm kernel: [    1.082537] pci_bus 0000:00: root bus resource [mem 0x000cc000-0x000cffff window]
Sep 14 14:56:34 cu-cs-vm kernel: [    1.082701] pci_bus 0000:00: root bus resource [mem 0x000d0000-0x000d3fff window]
Sep 14 14:56:34 cu-cs-vm kernel: [    1.082864] pci_bus 0000:00: root bus resource [mem 0x000d4000-0x000d7fff window]
Sep 14 14:56:34 cu-cs-vm systemd-udevd[1801]: Process '/bin/sh -c 'echo 180 >/sys$DEVPATH/timeout'' failed with exit code 2.
Sep 14 14:56:34 cu-cs-vm systemd-udevd[1806]: Process '/bin/sh -c 'echo 180 >/sys$DEVPATH/timeout'' failed with exit code 2.
Sep 14 14:56:34 cu-cs-vm systemd-udevd[1810]: Process '/bin/sh -c 'echo 180 >/sys$DEVPATH/timeout'' failed with exit code 2.
Sep 14 14:56:34 cu-cs-vm systemd-udevd[1800]: Process '/bin/sh -c 'echo 180 >/sys$DEVPATH/timeout'' failed with exit code 2.
Sep 14 14:56:34 cu-cs-vm kernel: [    1.083027] pci_bus 0000:00: root bus resource [mem 0x000d8000-0x000dbfff window]
Sep 14 14:56:34 cu-cs-vm kernel: [    1.083187] pci_bus 0000:00: root bus resource [mem 0xc0000000-0xfebfffff window]
Sep 14 14:56:34 cu-cs-vm kernel: [    1.083349] pci_bus 0000:00: root bus resource [io  0x0000-0x0cf7 window]
Sep 14 14:56:34 cu-cs-vm kernel: [    1.083505] pci_bus 0000:00: root bus resource [io  0x0d00-0xfeff window]
Sep 14 14:56:34 cu-cs-vm kernel: [    1.083618] pci_bus 0000:00: root bus resource [bus 00-7f]
Sep 14 14:56:34 cu-cs-vm systemd-udevd[1811]: Process '/bin/sh -c 'echo 180 >/sys$DEVPATH/timeout'' failed with exit code 2.
Sep 14 14:56:34 cu-cs-vm systemd-udevd[1798]: Process '/bin/sh -c 'echo 180 >/sys$DEVPATH/timeout'' failed with exit code 2.
Sep 14 14:56:34 cu-cs-vm systemd-udevd[1810]: Process '/bin/sh -c 'echo 180 >/sys$DEVPATH/timeout'' failed with exit code 2.
Sep 14 14:56:34 cu-cs-vm systemd-udevd[1809]: Process '/bin/sh -c 'echo 180 >/sys$DEVPATH/timeout'' failed with exit code 2.
Sep 14 14:56:34 cu-cs-vm kernel: [    1.083786] pci 0000:00:00.0: [8086:7190] type 00 class 0x060000
Sep 14 14:56:34 cu-cs-vm kernel: [    1.084588] pci 0000:00:01.0: [8086:7191] type 01 class 0x060400
Sep 14 14:56:34 cu-cs-vm kernel: [    1.085194] pci 0000:00:07.0: [8086:7110] type 00 class 0x060100
Sep 14 14:56:34 cu-cs-vm kernel: [    1.086137] pci 0000:00:07.1: [8086:7111] type 00 class 0x01018a
Sep 14 14:56:34 cu-cs-vm kernel: [    1.088098] pci 0000:00:07.1: reg 0x20: [io  0x1060-0x106f]
Sep 14 14:56:34 cu-cs-vm kernel: [    1.089056] pci 0000:00:07.1: legacy IDE quirk: reg 0x10: [io  0x01f0-0x01f7]
Sep 14 14:56:34 cu-cs-vm systemd-udevd[1812]: Process '/bin/sh -c 'echo 180 >/sys$DEVPATH/timeout'' failed with exit code 2.
Sep 14 14:56:34 cu-cs-vm systemd-udevd[1803]: Process '/bin/sh -c 'echo 180 >/sys$DEVPATH/timeout'' failed with exit code 2.
Sep 14 14:56:34 cu-cs-vm systemd-udevd[1802]: Process '/bin/sh -c 'echo 180 >/sys$DEVPATH/timeout'' failed with exit code 2.
Sep 14 14:56:34 cu-cs-vm systemd-udevd[1798]: Process '/bin/sh -c 'echo 180 >/sys$DEVPATH/timeout'' failed with exit code 2.
Sep 14 14:56:34 cu-cs-vm kernel: [    1.089173] pci 0000:00:07.1: legacy IDE quirk: reg 0x14: [io  0x03f6]
Sep 14 14:56:34 cu-cs-vm kernel: [    1.089277] pci 0000:00:07.1: legacy IDE quirk: reg 0x18: [io  0x0170-0x0177]
Sep 14 14:56:34 cu-cs-vm kernel: [    1.089385] pci 0000:00:07.1: legacy IDE quirk: reg 0x1c: [io  0x0376]
Sep 14 14:56:34 cu-cs-vm kernel: [    1.089771] pci 0000:00:07.3: [8086:7113] type 00 class 0x068000
Sep 14 14:56:34 cu-cs-vm kernel: [    1.091959] pci 0000:00:07.3: quirk: [io  0x1000-0x103f] claimed by PIIX4 ACPI
Sep 14 14:56:34 cu-cs-vm kernel: [    1.092144] pci 0000:00:07.3: quirk: [io  0x1040-0x104f] claimed by PIIX4 SMB
Sep 14 14:56:34 cu-cs-vm systemd-udevd[1805]: Process '/bin/sh -c 'echo 180 >/sys$DEVPATH/timeout'' failed with exit code 2.
Sep 14 14:56:34 cu-cs-vm systemd-udevd[1806]: Process '/bin/sh -c 'echo 180 >/sys$DEVPATH/timeout'' failed with exit code 2.
Sep 14 14:56:34 cu-cs-vm systemd-udevd[1807]: Process '/bin/sh -c 'echo 180 >/sys$DEVPATH/timeout'' failed with exit code 2.
Sep 14 14:56:34 cu-cs-vm systemd-udevd[1809]: Process '/bin/sh -c 'echo 180 >/sys$DEVPATH/timeout'' failed with exit code 2.
Sep 14 14:56:34 cu-cs-vm kernel: [    1.092704] pci 0000:00:07.7: [15ad:0740] type 00 class 0x088000
Sep 14 14:56:34 cu-cs-vm kernel: [    1.093546] pci 0000:00:07.7: reg 0x10: [io  0x1080-0x10bf]
Sep 14 14:56:34 cu-cs-vm kernel: [    1.094312] pci 0000:00:07.7: reg 0x14: [mem 0xfebfe000-0xfebfffff 64bit]
Sep 14 14:56:34 cu-cs-vm kernel: [    1.098397] pci 0000:00:0f.0: [15ad:0405] type 00 class 0x030000
Sep 14 14:56:34 cu-cs-vm kernel: [    1.101132] pci 0000:00:0f.0: reg 0x10: [io  0x1070-0x107f]
Sep 14 14:56:34 cu-cs-vm kernel: [    1.103752] pci 0000:00:0f.0: reg 0x14: [mem 0xe8000000-0xefffffff pref]
Sep 14 14:56:34 cu-cs-vm systemd-udevd[1800]: Process '/bin/sh -c 'echo 180 >/sys$DEVPATH/timeout'' failed with exit code 2.
Sep 14 14:56:34 cu-cs-vm systemd-udevd[1801]: Process '/bin/sh -c 'echo 180 >/sys$DEVPATH/timeout'' failed with exit code 2.
Sep 14 14:56:34 cu-cs-vm systemd-udevd[1811]: Process '/bin/sh -c 'echo 180 >/sys$DEVPATH/timeout'' failed with exit code 2.
Sep 14 14:56:34 cu-cs-vm systemd-udevd[1803]: Process '/bin/sh -c 'echo 180 >/sys$DEVPATH/timeout'' failed with exit code 2.
Sep 14 14:56:34 cu-cs-vm kernel: [    1.106311] pci 0000:00:0f.0: reg 0x18: [mem 0xfe000000-0xfe7fffff]
Sep 14 14:56:34 cu-cs-vm kernel: [    1.117643] pci 0000:00:0f.0: reg 0x30: [mem 0x00000000-0x00007fff pref]
Sep 14 14:56:34 cu-cs-vm kernel: [    1.118286] pci 0000:00:10.0: [1000:0030] type 00 class 0x010000
Sep 14 14:56:34 cu-cs-vm kernel: [    1.119505] pci 0000:00:10.0: reg 0x10: [io  0x1400-0x14ff]
Sep 14 14:56:34 cu-cs-vm kernel: [    1.120679] pci 0000:00:10.0: reg 0x14: [mem 0xfeba0000-0xfebbffff 64bit]
Sep 14 14:56:34 cu-cs-vm kernel: [    1.121846] pci 0000:00:10.0: reg 0x1c: [mem 0xfebc0000-0xfebdffff 64bit]
Sep 14 14:56:34 cu-cs-vm systemd-udevd[1810]: Process '/bin/sh -c 'echo 180 >/sys$DEVPATH/timeout'' failed with exit code 2.
Sep 14 14:56:34 cu-cs-vm systemd-udevd[1802]: Process '/bin/sh -c 'echo 180 >/sys$DEVPATH/timeout'' failed with exit code 2.
Sep 14 14:56:34 cu-cs-vm systemd-udevd[1812]: Process '/bin/sh -c 'echo 180 >/sys$DEVPATH/timeout'' failed with exit code 2.
Sep 14 14:56:34 cu-cs-vm systemd-udevd[1806]: Process '/bin/sh -c 'echo 180 >/sys$DEVPATH/timeout'' failed with exit code 2.
Sep 14 14:56:34 cu-cs-vm kernel: [    1.124196] pci 0000:00:10.0: reg 0x30: [mem 0x00000000-0x00003fff pref]
Sep 14 14:56:34 cu-cs-vm kernel: [    1.124727] pci 0000:00:11.0: [15ad:0790] type 01 class 0x060401
Sep 14 14:56:34 cu-cs-vm kernel: [    1.125357] pci 0000:00:11.0: System wakeup disabled by ACPI
Sep 14 14:56:34 cu-cs-vm kernel: [    1.125643] pci 0000:00:15.0: [15ad:07a0] type 01 class 0x060400
Sep 14 14:56:34 cu-cs-vm kernel: [    1.126355] pci 0000:00:15.0: PME# supported from D0 D3hot D3cold
Sep 14 14:56:34 cu-cs-vm kernel: [    1.126659] pci 0000:00:15.0: System wakeup disabled by ACPI
Sep 14 14:56:34 cu-cs-vm systemd-udevd[1802]: Process '/bin/sh -c 'echo 180 >/sys$DEVPATH/timeout'' failed with exit code 2.
Sep 14 14:56:34 cu-cs-vm systemd-udevd[1812]: Process '/bin/sh -c 'echo 180 >/sys$DEVPATH/timeout'' failed with exit code 2.
Sep 14 14:56:34 cu-cs-vm systemd-udevd[1803]: Process '/bin/sh -c 'echo 180 >/sys$DEVPATH/timeout'' failed with exit code 2.
Sep 14 14:56:34 cu-cs-vm systemd-udevd[1805]: Process '/bin/sh -c 'echo 180 >/sys$DEVPATH/timeout'' failed with exit code 2.
Sep 14 14:56:34 cu-cs-vm kernel: [    1.127043] pci 0000:00:15.1: [15ad:07a0] type 01 class 0x060400
Sep 14 14:56:34 cu-cs-vm kernel: [    1.127823] pci 0000:00:15.1: PME# supported from D0 D3hot D3cold
Sep 14 14:56:34 cu-cs-vm kernel: [    1.128058] pci 0000:00:15.1: System wakeup disabled by ACPI
Sep 14 14:56:34 cu-cs-vm kernel: [    1.128415] pci 0000:00:15.2: [15ad:07a0] type 01 class 0x060400
Sep 14 14:56:34 cu-cs-vm kernel: [    1.129400] pci 0000:00:15.2: PME# supported from D0 D3hot D3cold
Sep 14 14:56:34 cu-cs-vm systemd-udevd[1807]: Process '/bin/sh -c 'echo 180 >/sys$DEVPATH/timeout'' failed with exit code 2.
Sep 14 14:56:34 cu-cs-vm systemd-udevd[1811]: Process '/bin/sh -c 'echo 180 >/sys$DEVPATH/timeout'' failed with exit code 2.
Sep 14 14:56:34 cu-cs-vm systemd-udevd[1812]: Process '/bin/sh -c 'echo 180 >/sys$DEVPATH/timeout'' failed with exit code 2.
Sep 14 14:56:34 cu-cs-vm kernel: [    1.129720] pci 0000:00:15.2: System wakeup disabled by ACPI
Sep 14 14:56:34 cu-cs-vm kernel: [    1.129977] pci 0000:00:15.3: [15ad:07a0] type 01 class 0x060400
Sep 14 14:56:34 cu-cs-vm kernel: [    1.130719] pci 0000:00:15.3: PME# supported from D0 D3hot D3cold
Sep 14 14:56:34 cu-cs-vm kernel: [    1.130979] pci 0000:00:15.3: System wakeup disabled by ACPI
Sep 14 14:56:34 cu-cs-vm kernel: [    1.131317] pci 0000:00:15.4: [15ad:07a0] type 01 class 0x060400
Sep 14 14:56:34 cu-cs-vm kernel: [    1.132029] pci 0000:00:15.4: PME# supported from D0 D3hot D3cold
Sep 14 14:56:34 cu-cs-vm systemd-udevd[1802]: Process '/bin/sh -c 'echo 180 >/sys$DEVPATH/timeout'' failed with exit code 2.
Sep 14 14:56:34 cu-cs-vm systemd-udevd[1803]: Process '/bin/sh -c 'echo 180 >/sys$DEVPATH/timeout'' failed with exit code 2.
Sep 14 14:56:34 cu-cs-vm systemd-udevd[1807]: Process '/bin/sh -c 'echo 180 >/sys$DEVPATH/timeout'' failed with exit code 2.
Sep 14 14:56:34 cu-cs-vm systemd-udevd[1806]: Process '/bin/sh -c 'echo 180 >/sys$DEVPATH/timeout'' failed with exit code 2.
Sep 14 14:56:34 cu-cs-vm kernel: [    1.132253] pci 0000:00:15.4: System wakeup disabled by ACPI
Sep 14 14:56:34 cu-cs-vm kernel: [    1.132826] pci 0000:00:15.5: [15ad:07a0] type 01 class 0x060400
Sep 14 14:56:34 cu-cs-vm kernel: [    1.133535] pci 0000:00:15.5: PME# supported from D0 D3hot D3cold
Sep 14 14:56:34 cu-cs-vm kernel: [    1.133758] pci 0000:00:15.5: System wakeup disabled by ACPI
Sep 14 14:56:34 cu-cs-vm kernel: [    1.133992] pci 0000:00:15.6: [15ad:07a0] type 01 class 0x060400
Sep 14 14:56:34 cu-cs-vm kernel: [    1.134735] pci 0000:00:15.6: PME# supported from D0 D3hot D3cold
Sep 14 14:56:34 cu-cs-vm systemd-udevd[1805]: Process '/bin/sh -c 'echo 180 >/sys$DEVPATH/timeout'' failed with exit code 2.
Sep 14 14:56:34 cu-cs-vm systemd-udevd[1798]: Process '/bin/sh -c 'echo 180 >/sys$DEVPATH/timeout'' failed with exit code 2.
Sep 14 14:56:34 cu-cs-vm systemd-udevd[1801]: Process '/bin/sh -c 'echo 180 >/sys$DEVPATH/timeout'' failed with exit code 2.
Sep 14 14:56:34 cu-cs-vm systemd-udevd[1810]: Process '/bin/sh -c 'echo 180 >/sys$DEVPATH/timeout'' failed with exit code 2.
Sep 14 14:56:34 cu-cs-vm kernel: [    1.134992] pci 0000:00:15.6: System wakeup disabled by ACPI
Sep 14 14:56:34 cu-cs-vm kernel: [    1.135290] pci 0000:00:15.7: [15ad:07a0] type 01 class 0x060400
Sep 14 14:56:34 cu-cs-vm kernel: [    1.135997] pci 0000:00:15.7: PME# supported from D0 D3hot D3cold
Sep 14 14:56:34 cu-cs-vm kernel: [    1.136214] pci 0000:00:15.7: System wakeup disabled by ACPI
Sep 14 14:56:34 cu-cs-vm kernel: [    1.136502] pci 0000:00:16.0: [15ad:07a0] type 01 class 0x060400
Sep 14 14:56:34 cu-cs-vm kernel: [    1.137208] pci 0000:00:16.0: PME# supported from D0 D3hot D3cold
Sep 14 14:56:34 cu-cs-vm systemd-udevd[1800]: Process '/bin/sh -c 'echo 180 >/sys$DEVPATH/timeout'' failed with exit code 2.
Sep 14 14:56:34 cu-cs-vm systemd-udevd[1811]: Process '/bin/sh -c 'echo 180 >/sys$DEVPATH/timeout'' failed with exit code 2.
Sep 14 14:56:34 cu-cs-vm systemd-udevd[1812]: Process '/bin/sh -c 'echo 180 >/sys$DEVPATH/timeout'' failed with exit code 2.
Sep 14 14:56:34 cu-cs-vm systemd-udevd[1809]: Process '/bin/sh -c 'echo 180 >/sys$DEVPATH/timeout'' failed with exit code 2.
Sep 14 14:56:34 cu-cs-vm kernel: [    1.137568] pci 0000:00:16.0: System wakeup disabled by ACPI
Sep 14 14:56:34 cu-cs-vm kernel: [    1.137803] pci 0000:00:16.1: [15ad:07a0] type 01 class 0x060400
Sep 14 14:56:34 cu-cs-vm kernel: [    1.138522] pci 0000:00:16.1: PME# supported from D0 D3hot D3cold
Sep 14 14:56:34 cu-cs-vm kernel: [    1.138766] pci 0000:00:16.1: System wakeup disabled by ACPI
Sep 14 14:56:34 cu-cs-vm kernel: [    1.139056] pci 0000:00:16.2: [15ad:07a0] type 01 class 0x060400
Sep 14 14:56:34 cu-cs-vm kernel: [    1.139760] pci 0000:00:16.2: PME# supported from D0 D3hot D3cold
Sep 14 14:56:34 cu-cs-vm systemd-udevd[1800]: Process '/bin/sh -c 'echo 180 >/sys$DEVPATH/timeout'' failed with exit code 2.
Sep 14 14:56:34 cu-cs-vm systemd-udevd[1803]: Process '/bin/sh -c 'echo 180 >/sys$DEVPATH/timeout'' failed with exit code 2.
Sep 14 14:56:34 cu-cs-vm systemd-udevd[1811]: Process '/bin/sh -c 'echo 180 >/sys$DEVPATH/timeout'' failed with exit code 2.
Sep 14 14:56:34 cu-cs-vm systemd-udevd[1812]: Process '/bin/sh -c 'echo 180 >/sys$DEVPATH/timeout'' failed with exit code 2.
Sep 14 14:56:34 cu-cs-vm kernel: [    1.139985] pci 0000:00:16.2: System wakeup disabled by ACPI
Sep 14 14:56:34 cu-cs-vm kernel: [    1.140279] pci 0000:00:16.3: [15ad:07a0] type 01 class 0x060400
Sep 14 14:56:34 cu-cs-vm kernel: [    1.140989] pci 0000:00:16.3: PME# supported from D0 D3hot D3cold
Sep 14 14:56:34 cu-cs-vm kernel: [    1.141224] pci 0000:00:16.3: System wakeup disabled by ACPI
Sep 14 14:56:34 cu-cs-vm kernel: [    1.141461] pci 0000:00:16.4: [15ad:07a0] type 01 class 0x060400
Sep 14 14:56:34 cu-cs-vm systemd-udevd[1810]: Process '/bin/sh -c 'echo 180 >/sys$DEVPATH/timeout'' failed with exit code 2.
Sep 14 14:56:34 cu-cs-vm systemd-udevd[1802]: Process '/bin/sh -c 'echo 180 >/sys$DEVPATH/timeout'' failed with exit code 2.
Sep 14 14:56:34 cu-cs-vm systemd-udevd[1807]: Process '/bin/sh -c 'echo 180 >/sys$DEVPATH/timeout'' failed with exit code 2.
Sep 14 14:56:34 cu-cs-vm systemd-udevd[1798]: Process '/bin/sh -c 'echo 180 >/sys$DEVPATH/timeout'' failed with exit code 2.
Sep 14 14:56:34 cu-cs-vm kernel: [    1.142169] pci 0000:00:16.4: PME# supported from D0 D3hot D3cold
Sep 14 14:56:34 cu-cs-vm kernel: [    1.142386] pci 0000:00:16.4: System wakeup disabled by ACPI
Sep 14 14:56:34 cu-cs-vm kernel: [    1.143008] pci 0000:00:16.5: [15ad:07a0] type 01 class 0x060400
Sep 14 14:56:34 cu-cs-vm kernel: [    1.143717] pci 0000:00:16.5: PME# supported from D0 D3hot D3cold
Sep 14 14:56:34 cu-cs-vm kernel: [    1.143938] pci 0000:00:16.5: System wakeup disabled by ACPI
Sep 14 14:56:34 cu-cs-vm kernel: [    1.144229] pci 0000:00:16.6: [15ad:07a0] type 01 class 0x060400
Sep 14 14:56:34 cu-cs-vm systemd-udevd[1801]: Process '/bin/sh -c 'echo 180 >/sys$DEVPATH/timeout'' failed with exit code 2.
Sep 14 14:56:34 cu-cs-vm systemd-udevd[1805]: Process '/bin/sh -c 'echo 180 >/sys$DEVPATH/timeout'' failed with exit code 2.
Sep 14 14:56:34 cu-cs-vm systemd-udevd[1806]: Process '/bin/sh -c 'echo 180 >/sys$DEVPATH/timeout'' failed with exit code 2.
Sep 14 14:56:34 cu-cs-vm systemd-udevd[1809]: Process '/bin/sh -c 'echo 180 >/sys$DEVPATH/timeout'' failed with exit code 2.
Sep 14 14:56:34 cu-cs-vm kernel: [    1.144934] pci 0000:00:16.6: PME# supported from D0 D3hot D3cold
Sep 14 14:56:34 cu-cs-vm kernel: [    1.145150] pci 0000:00:16.6: System wakeup disabled by ACPI
Sep 14 14:56:34 cu-cs-vm kernel: [    1.145403] pci 0000:00:16.7: [15ad:07a0] type 01 class 0x060400
Sep 14 14:56:34 cu-cs-vm kernel: [    1.146374] pci 0000:00:16.7: PME# supported from D0 D3hot D3cold
Sep 14 14:56:34 cu-cs-vm kernel: [    1.146639] pci 0000:00:16.7: System wakeup disabled by ACPI
Sep 14 14:56:34 cu-cs-vm kernel: [    1.147016] pci 0000:00:17.0: [15ad:07a0] type 01 class 0x060400
Sep 14 14:56:34 cu-cs-vm systemd-udevd[1800]: Process '/bin/sh -c 'echo 180 >/sys$DEVPATH/timeout'' failed with exit code 2.
Sep 14 14:56:34 cu-cs-vm systemd-udevd[1798]: Process '/bin/sh -c 'echo 180 >/sys$DEVPATH/timeout'' failed with exit code 2.
Sep 14 14:56:34 cu-cs-vm kernel: [    1.147743] pci 0000:00:17.0: PME# supported from D0 D3hot D3cold
Sep 14 14:56:34 cu-cs-vm kernel: [    1.147971] pci 0000:00:17.0: System wakeup disabled by ACPI
Sep 14 14:56:34 cu-cs-vm kernel: [    1.148321] pci 0000:00:17.1: [15ad:07a0] type 01 class 0x060400
Sep 14 14:56:34 cu-cs-vm kernel: [    1.149033] pci 0000:00:17.1: PME# supported from D0 D3hot D3cold
Sep 14 14:56:34 cu-cs-vm kernel: [    1.149255] pci 0000:00:17.1: System wakeup disabled by ACPI
Sep 14 14:56:34 cu-cs-vm kernel: [    1.149493] pci 0000:00:17.2: [15ad:07a0] type 01 class 0x060400
Sep 14 14:56:34 cu-cs-vm systemd-udevd[1803]: Process '/bin/sh -c 'echo 180 >/sys$DEVPATH/timeout'' failed with exit code 2.
Sep 14 14:56:34 cu-cs-vm systemd-udevd[1811]: Process '/bin/sh -c 'echo 180 >/sys$DEVPATH/timeout'' failed with exit code 2.
Sep 14 14:56:34 cu-cs-vm kernel: [    1.150202] pci 0000:00:17.2: PME# supported from D0 D3hot D3cold
Sep 14 14:56:34 cu-cs-vm kernel: [    1.150501] pci 0000:00:17.2: System wakeup disabled by ACPI
Sep 14 14:56:34 cu-cs-vm kernel: [    1.150816] pci 0000:00:17.3: [15ad:07a0] type 01 class 0x060400
Sep 14 14:56:34 cu-cs-vm kernel: [    1.151540] pci 0000:00:17.3: PME# supported from D0 D3hot D3cold
Sep 14 14:56:34 cu-cs-vm kernel: [    1.151760] pci 0000:00:17.3: System wakeup disabled by ACPI
Sep 14 14:56:34 cu-cs-vm kernel: [    1.152054] pci 0000:00:17.4: [15ad:07a0] type 01 class 0x060400
Sep 14 14:56:34 cu-cs-vm systemd-udevd[1807]: Process '/bin/sh -c 'echo 180 >/sys$DEVPATH/timeout'' failed with exit code 2.
Sep 14 14:56:34 cu-cs-vm systemd-udevd[1805]: Process '/bin/sh -c 'echo 180 >/sys$DEVPATH/timeout'' failed with exit code 2.
Sep 14 14:56:34 cu-cs-vm systemd-udevd[1806]: Process '/bin/sh -c 'echo 180 >/sys$DEVPATH/timeout'' failed with exit code 2.
Sep 14 14:56:34 cu-cs-vm kernel: [    1.152762] pci 0000:00:17.4: PME# supported from D0 D3hot D3cold
Sep 14 14:56:34 cu-cs-vm systemd-udevd[1802]: Process '/bin/sh -c 'echo 180 >/sys$DEVPATH/timeout'' failed with exit code 2.
Sep 14 14:56:34 cu-cs-vm kernel: [    1.152978] pci 0000:00:17.4: System wakeup disabled by ACPI
Sep 14 14:56:34 cu-cs-vm kernel: [    1.153459] pci 0000:00:17.5: [15ad:07a0] type 01 class 0x060400
Sep 14 14:56:34 cu-cs-vm kernel: [    1.154167] pci 0000:00:17.5: PME# supported from D0 D3hot D3cold
Sep 14 14:56:34 cu-cs-vm kernel: [    1.154495] pci 0000:00:17.5: System wakeup disabled by ACPI
Sep 14 14:56:34 cu-cs-vm kernel: [    1.154905] pci 0000:00:17.6: [15ad:07a0] type 01 class 0x060400
Sep 14 14:56:34 cu-cs-vm systemd-udevd[1812]: Process '/bin/sh -c 'echo 180 >/sys$DEVPATH/timeout'' failed with exit code 2.
Sep 14 14:56:34 cu-cs-vm systemd-udevd[1810]: Process '/bin/sh -c 'echo 180 >/sys$DEVPATH/timeout'' failed with exit code 2.
Sep 14 14:56:34 cu-cs-vm systemd-udevd[1803]: Process '/bin/sh -c 'echo 180 >/sys$DEVPATH/timeout'' failed with exit code 2.
Sep 14 14:56:34 cu-cs-vm systemd-udevd[1798]: Process '/bin/sh -c 'echo 180 >/sys$DEVPATH/timeout'' failed with exit code 2.
Sep 14 14:56:34 cu-cs-vm systemd-udevd[1800]: Process '/bin/sh -c 'echo 180 >/sys$DEVPATH/timeout'' failed with exit code 2.
Sep 14 14:56:34 cu-cs-vm systemd-udevd[1809]: Process '/bin/sh -c 'echo 180 >/sys$DEVPATH/timeout'' failed with exit code 2.
Sep 14 14:56:34 cu-cs-vm systemd-udevd[1805]: Process '/bin/sh -c 'echo 180 >/sys$DEVPATH/timeout'' failed with exit code 2.
Sep 14 14:56:34 cu-cs-vm kernel: [    1.155806] pci 0000:00:17.6: PME# supported from D0 D3hot D3cold
Sep 14 14:56:34 cu-cs-vm kernel: [    1.156130] pci 0000:00:17.6: System wakeup disabled by ACPI
Sep 14 14:56:34 cu-cs-vm kernel: [    1.156485] pci 0000:00:17.7: [15ad:07a0] type 01 class 0x060400
Sep 14 14:56:34 cu-cs-vm kernel: [    1.157199] pci 0000:00:17.7: PME# supported from D0 D3hot D3cold
Sep 14 14:56:34 cu-cs-vm kernel: [    1.157452] pci 0000:00:17.7: System wakeup disabled by ACPI
Sep 14 14:56:34 cu-cs-vm systemd-udevd[1801]: Process '/bin/sh -c 'echo 180 >/sys$DEVPATH/timeout'' failed with exit code 2.
Sep 14 14:56:34 cu-cs-vm systemd-udevd[1807]: Process '/bin/sh -c 'echo 180 >/sys$DEVPATH/timeout'' failed with exit code 2.
Sep 14 14:56:34 cu-cs-vm systemd-udevd[1806]: Process '/bin/sh -c 'echo 180 >/sys$DEVPATH/timeout'' failed with exit code 2.
Sep 14 14:56:34 cu-cs-vm systemd-udevd[1811]: Process '/bin/sh -c 'echo 180 >/sys$DEVPATH/timeout'' failed with exit code 2.
Sep 14 14:56:34 cu-cs-vm kernel: [    1.157687] pci 0000:00:18.0: [15ad:07a0] type 01 class 0x060400
Sep 14 14:56:34 cu-cs-vm kernel: [    1.158418] pci 0000:00:18.0: PME# supported from D0 D3hot D3cold
Sep 14 14:56:34 cu-cs-vm kernel: [    1.158640] pci 0000:00:18.0: System wakeup disabled by ACPI
Sep 14 14:56:34 cu-cs-vm kernel: [    1.159004] pci 0000:00:18.1: [15ad:07a0] type 01 class 0x060400
Sep 14 14:56:34 cu-cs-vm kernel: [    1.159714] pci 0000:00:18.1: PME# supported from D0 D3hot D3cold
